###############################################################################
#
# IAR ELF Linker V7.50.2.10312/W32 for ARM                25/Jul/2016  00:39:59
# Copyright 2007-2015 IAR Systems AB.
#
#    Output file  =  
#        E:\code\LeaderUAV\STM32Cube_FW_F4_V1.11.0\Projects\STM32F429I-Discovery\Applications\FreeRTOS\FreeRTOS_ThreadCreation\EWARM\STM32F429I_DISCO\Exe\Project.out
#    Map file     =  
#        E:\code\LeaderUAV\STM32Cube_FW_F4_V1.11.0\Projects\STM32F429I-Discovery\Applications\FreeRTOS\FreeRTOS_ThreadCreation\EWARM\STM32F429I_DISCO\List\Project.map
#    Command line =  
#        E:\code\LeaderUAV\STM32Cube_FW_F4_V1.11.0\Projects\STM32F429I-Discovery\Applications\FreeRTOS\FreeRTOS_ThreadCreation\EWARM\STM32F429I_DISCO\Obj\cmsis_os.o
#        E:\code\LeaderUAV\STM32Cube_FW_F4_V1.11.0\Projects\STM32F429I-Discovery\Applications\FreeRTOS\FreeRTOS_ThreadCreation\EWARM\STM32F429I_DISCO\Obj\heap_4.o
#        E:\code\LeaderUAV\STM32Cube_FW_F4_V1.11.0\Projects\STM32F429I-Discovery\Applications\FreeRTOS\FreeRTOS_ThreadCreation\EWARM\STM32F429I_DISCO\Obj\list.o
#        E:\code\LeaderUAV\STM32Cube_FW_F4_V1.11.0\Projects\STM32F429I-Discovery\Applications\FreeRTOS\FreeRTOS_ThreadCreation\EWARM\STM32F429I_DISCO\Obj\main.o
#        E:\code\LeaderUAV\STM32Cube_FW_F4_V1.11.0\Projects\STM32F429I-Discovery\Applications\FreeRTOS\FreeRTOS_ThreadCreation\EWARM\STM32F429I_DISCO\Obj\port.o
#        E:\code\LeaderUAV\STM32Cube_FW_F4_V1.11.0\Projects\STM32F429I-Discovery\Applications\FreeRTOS\FreeRTOS_ThreadCreation\EWARM\STM32F429I_DISCO\Obj\portasm.o
#        E:\code\LeaderUAV\STM32Cube_FW_F4_V1.11.0\Projects\STM32F429I-Discovery\Applications\FreeRTOS\FreeRTOS_ThreadCreation\EWARM\STM32F429I_DISCO\Obj\queue.o
#        E:\code\LeaderUAV\STM32Cube_FW_F4_V1.11.0\Projects\STM32F429I-Discovery\Applications\FreeRTOS\FreeRTOS_ThreadCreation\EWARM\STM32F429I_DISCO\Obj\startup_stm32f429xx.o
#        E:\code\LeaderUAV\STM32Cube_FW_F4_V1.11.0\Projects\STM32F429I-Discovery\Applications\FreeRTOS\FreeRTOS_ThreadCreation\EWARM\STM32F429I_DISCO\Obj\stm32f429i_discovery.o
#        E:\code\LeaderUAV\STM32Cube_FW_F4_V1.11.0\Projects\STM32F429I-Discovery\Applications\FreeRTOS\FreeRTOS_ThreadCreation\EWARM\STM32F429I_DISCO\Obj\stm32f4xx_hal.o
#        E:\code\LeaderUAV\STM32Cube_FW_F4_V1.11.0\Projects\STM32F429I-Discovery\Applications\FreeRTOS\FreeRTOS_ThreadCreation\EWARM\STM32F429I_DISCO\Obj\stm32f4xx_hal_cortex.o
#        E:\code\LeaderUAV\STM32Cube_FW_F4_V1.11.0\Projects\STM32F429I-Discovery\Applications\FreeRTOS\FreeRTOS_ThreadCreation\EWARM\STM32F429I_DISCO\Obj\stm32f4xx_hal_dma.o
#        E:\code\LeaderUAV\STM32Cube_FW_F4_V1.11.0\Projects\STM32F429I-Discovery\Applications\FreeRTOS\FreeRTOS_ThreadCreation\EWARM\STM32F429I_DISCO\Obj\stm32f4xx_hal_flash.o
#        E:\code\LeaderUAV\STM32Cube_FW_F4_V1.11.0\Projects\STM32F429I-Discovery\Applications\FreeRTOS\FreeRTOS_ThreadCreation\EWARM\STM32F429I_DISCO\Obj\stm32f4xx_hal_flash_ex.o
#        E:\code\LeaderUAV\STM32Cube_FW_F4_V1.11.0\Projects\STM32F429I-Discovery\Applications\FreeRTOS\FreeRTOS_ThreadCreation\EWARM\STM32F429I_DISCO\Obj\stm32f4xx_hal_gpio.o
#        E:\code\LeaderUAV\STM32Cube_FW_F4_V1.11.0\Projects\STM32F429I-Discovery\Applications\FreeRTOS\FreeRTOS_ThreadCreation\EWARM\STM32F429I_DISCO\Obj\stm32f4xx_hal_i2c.o
#        E:\code\LeaderUAV\STM32Cube_FW_F4_V1.11.0\Projects\STM32F429I-Discovery\Applications\FreeRTOS\FreeRTOS_ThreadCreation\EWARM\STM32F429I_DISCO\Obj\stm32f4xx_hal_i2c_ex.o
#        E:\code\LeaderUAV\STM32Cube_FW_F4_V1.11.0\Projects\STM32F429I-Discovery\Applications\FreeRTOS\FreeRTOS_ThreadCreation\EWARM\STM32F429I_DISCO\Obj\stm32f4xx_hal_pwr.o
#        E:\code\LeaderUAV\STM32Cube_FW_F4_V1.11.0\Projects\STM32F429I-Discovery\Applications\FreeRTOS\FreeRTOS_ThreadCreation\EWARM\STM32F429I_DISCO\Obj\stm32f4xx_hal_pwr_ex.o
#        E:\code\LeaderUAV\STM32Cube_FW_F4_V1.11.0\Projects\STM32F429I-Discovery\Applications\FreeRTOS\FreeRTOS_ThreadCreation\EWARM\STM32F429I_DISCO\Obj\stm32f4xx_hal_rcc.o
#        E:\code\LeaderUAV\STM32Cube_FW_F4_V1.11.0\Projects\STM32F429I-Discovery\Applications\FreeRTOS\FreeRTOS_ThreadCreation\EWARM\STM32F429I_DISCO\Obj\stm32f4xx_hal_rcc_ex.o
#        E:\code\LeaderUAV\STM32Cube_FW_F4_V1.11.0\Projects\STM32F429I-Discovery\Applications\FreeRTOS\FreeRTOS_ThreadCreation\EWARM\STM32F429I_DISCO\Obj\stm32f4xx_hal_spi.o
#        E:\code\LeaderUAV\STM32Cube_FW_F4_V1.11.0\Projects\STM32F429I-Discovery\Applications\FreeRTOS\FreeRTOS_ThreadCreation\EWARM\STM32F429I_DISCO\Obj\stm32f4xx_it.o
#        E:\code\LeaderUAV\STM32Cube_FW_F4_V1.11.0\Projects\STM32F429I-Discovery\Applications\FreeRTOS\FreeRTOS_ThreadCreation\EWARM\STM32F429I_DISCO\Obj\system_stm32f4xx.o
#        E:\code\LeaderUAV\STM32Cube_FW_F4_V1.11.0\Projects\STM32F429I-Discovery\Applications\FreeRTOS\FreeRTOS_ThreadCreation\EWARM\STM32F429I_DISCO\Obj\tasks.o
#        E:\code\LeaderUAV\STM32Cube_FW_F4_V1.11.0\Projects\STM32F429I-Discovery\Applications\FreeRTOS\FreeRTOS_ThreadCreation\EWARM\STM32F429I_DISCO\Obj\timers.o
#        --redirect _Printf=_PrintfFull --redirect _Scanf=_ScanfFull -o
#        E:\code\LeaderUAV\STM32Cube_FW_F4_V1.11.0\Projects\STM32F429I-Discovery\Applications\FreeRTOS\FreeRTOS_ThreadCreation\EWARM\STM32F429I_DISCO\Exe\Project.out
#        --map
#        E:\code\LeaderUAV\STM32Cube_FW_F4_V1.11.0\Projects\STM32F429I-Discovery\Applications\FreeRTOS\FreeRTOS_ThreadCreation\EWARM\STM32F429I_DISCO\List\Project.map
#        --config
#        E:\code\LeaderUAV\STM32Cube_FW_F4_V1.11.0\Projects\STM32F429I-Discovery\Applications\FreeRTOS\FreeRTOS_ThreadCreation\EWARM\stm32f429xx_flash.icf
#        --semihosting --entry __iar_program_start --vfe
#
###############################################################################

*******************************************************************************
*** RUNTIME MODEL ATTRIBUTES
***

CppFlavor       = *
__SystemLibrary = DLib


*******************************************************************************
*** PLACEMENT SUMMARY
***

"A1":  place at 0x08000000 { ro section .intvec };
"P1":  place in [from 0x08000000 to 0x081fffff] { ro };
"P2":  place in [from 0x20000000 to 0x2002ffff] { rw, block CSTACK, block HEAP };

  Section            Kind        Address    Size  Object
  -------            ----        -------    ----  ------
"A1":                                      0x1ac
  .intvec            ro code  0x08000000   0x1ac  startup_stm32f429xx.o [1]
                            - 0x080001ac   0x1ac

"P1":                                     0x24f2
  .text              ro code  0x080001ac   0x95c  tasks.o [1]
  .text              ro code  0x08000b08   0x1e8  port.o [1]
  .text              ro code  0x08000cf0    0x8e  list.o [1]
  .text              ro code  0x08000d80   0x2f0  timers.o [1]
  .text              ro code  0x08001070   0x1ac  heap_4.o [1]
  .text              ro code  0x0800121c    0x3a  ABImemset48.o [5]
  CODE               ro code  0x08001258    0xa8  portasm.o [1]
  .text              ro code  0x08001300   0x558  queue.o [1]
  .text              ro code  0x08001858    0x76  ABImemcpy_unaligned.o [5]
  .text              ro code  0x080018d0   0x408  stm32f4xx_hal_rcc.o [1]
  .text              ro code  0x08001cd8    0x64  stm32f4xx_hal.o [1]
  .text              ro code  0x08001d3c    0xac  stm32f4xx_hal_cortex.o [1]
  .text              ro code  0x08001de8   0x210  stm32f4xx_hal_gpio.o [1]
  .text              ro code  0x08001ff8   0x188  main.o [1]
  .text              ro code  0x08002180    0x90  stm32f429i_discovery.o [1]
  .text              ro code  0x08002210    0x74  stm32f4xx_hal_pwr_ex.o [1]
  .text              ro code  0x08002284    0xdc  cmsis_os.o [1]
  .text              ro code  0x08002360    0x50  system_stm32f4xx.o [1]
  .text              ro code  0x080023b0    0x40  zero_init3.o [5]
  .text              ro code  0x080023f0    0x38  packbits_init_single.o [5]
  .text              ro code  0x08002428    0x28  data_init.o [5]
  .text              ro code  0x08002450    0x22  fpinit_M.o [4]
  .iar.init_table    const    0x08002474    0x20  - Linker created -
  .text              ro code  0x08002494    0x1a  cmain.o [5]
  .text              ro code  0x080024ae     0x4  low_level_init.o [3]
  .text              ro code  0x080024b2     0x4  exit.o [3]
  .text              ro code  0x080024b8     0xa  cexit.o [5]
  .text              ro code  0x080024c4    0x14  exit.o [6]
  .rodata            const    0x080024d8    0x10  main.o [1]
  .text              ro code  0x080024e8    0x10  startup_stm32f429xx.o [1]
  .text              ro code  0x080024f8    0x10  stm32f4xx_it.o [1]
  .text              ro code  0x08002508     0xc  cstartup_M.o [5]
  .text              ro code  0x08002514     0x4  startup_stm32f429xx.o [1]
  .text              ro code  0x08002518     0x4  startup_stm32f429xx.o [1]
  .text              ro code  0x0800251c     0x4  startup_stm32f429xx.o [1]
  .text              ro code  0x08002520     0x4  startup_stm32f429xx.o [1]
  .text              ro code  0x08002524     0x4  startup_stm32f429xx.o [1]
  .text              ro code  0x08002528     0x4  startup_stm32f429xx.o [1]
  .text              ro code  0x0800252c     0x4  startup_stm32f429xx.o [1]
  .text              ro code  0x08002530     0x4  startup_stm32f429xx.o [1]
  .text              ro code  0x08002534     0x4  startup_stm32f429xx.o [1]
  .text              ro code  0x08002538     0x4  startup_stm32f429xx.o [1]
  .text              ro code  0x0800253c     0x4  startup_stm32f429xx.o [1]
  .text              ro code  0x08002540     0x4  startup_stm32f429xx.o [1]
  .text              ro code  0x08002544     0x4  startup_stm32f429xx.o [1]
  .text              ro code  0x08002548     0x4  startup_stm32f429xx.o [1]
  .text              ro code  0x0800254c     0x4  startup_stm32f429xx.o [1]
  .text              ro code  0x08002550     0x4  startup_stm32f429xx.o [1]
  .text              ro code  0x08002554     0x4  startup_stm32f429xx.o [1]
  .text              ro code  0x08002558     0x4  startup_stm32f429xx.o [1]
  .text              ro code  0x0800255c     0x4  startup_stm32f429xx.o [1]
  .text              ro code  0x08002560     0x4  startup_stm32f429xx.o [1]
  .text              ro code  0x08002564     0x4  startup_stm32f429xx.o [1]
  .text              ro code  0x08002568     0x4  startup_stm32f429xx.o [1]
  .text              ro code  0x0800256c     0x4  startup_stm32f429xx.o [1]
  .text              ro code  0x08002570     0x4  startup_stm32f429xx.o [1]
  .text              ro code  0x08002574     0x4  startup_stm32f429xx.o [1]
  .text              ro code  0x08002578     0x4  startup_stm32f429xx.o [1]
  .text              ro code  0x0800257c     0x4  startup_stm32f429xx.o [1]
  .text              ro code  0x08002580     0x4  startup_stm32f429xx.o [1]
  .text              ro code  0x08002584     0x4  startup_stm32f429xx.o [1]
  .text              ro code  0x08002588     0x4  startup_stm32f429xx.o [1]
  .text              ro code  0x0800258c     0x4  startup_stm32f429xx.o [1]
  .text              ro code  0x08002590     0x4  startup_stm32f429xx.o [1]
  .text              ro code  0x08002594     0x4  startup_stm32f429xx.o [1]
  .text              ro code  0x08002598     0x4  startup_stm32f429xx.o [1]
  .text              ro code  0x0800259c     0x4  startup_stm32f429xx.o [1]
  .text              ro code  0x080025a0     0x4  startup_stm32f429xx.o [1]
  .text              ro code  0x080025a4     0x4  startup_stm32f429xx.o [1]
  .text              ro code  0x080025a8     0x4  startup_stm32f429xx.o [1]
  .text              ro code  0x080025ac     0x4  startup_stm32f429xx.o [1]
  .text              ro code  0x080025b0     0x4  startup_stm32f429xx.o [1]
  .text              ro code  0x080025b4     0x4  startup_stm32f429xx.o [1]
  .text              ro code  0x080025b8     0x4  startup_stm32f429xx.o [1]
  .text              ro code  0x080025bc     0x4  startup_stm32f429xx.o [1]
  .text              ro code  0x080025c0     0x4  startup_stm32f429xx.o [1]
  .text              ro code  0x080025c4     0x4  startup_stm32f429xx.o [1]
  .text              ro code  0x080025c8     0x4  startup_stm32f429xx.o [1]
  .text              ro code  0x080025cc     0x4  startup_stm32f429xx.o [1]
  .text              ro code  0x080025d0     0x4  startup_stm32f429xx.o [1]
  .text              ro code  0x080025d4     0x4  startup_stm32f429xx.o [1]
  .text              ro code  0x080025d8     0x4  startup_stm32f429xx.o [1]
  .text              ro code  0x080025dc     0x4  startup_stm32f429xx.o [1]
  .text              ro code  0x080025e0     0x4  startup_stm32f429xx.o [1]
  .text              ro code  0x080025e4     0x4  startup_stm32f429xx.o [1]
  .text              ro code  0x080025e8     0x4  startup_stm32f429xx.o [1]
  .text              ro code  0x080025ec     0x4  startup_stm32f429xx.o [1]
  .text              ro code  0x080025f0     0x4  startup_stm32f429xx.o [1]
  .text              ro code  0x080025f4     0x4  startup_stm32f429xx.o [1]
  .text              ro code  0x080025f8     0x4  startup_stm32f429xx.o [1]
  .text              ro code  0x080025fc     0x4  startup_stm32f429xx.o [1]
  .text              ro code  0x08002600     0x4  startup_stm32f429xx.o [1]
  .text              ro code  0x08002604     0x4  startup_stm32f429xx.o [1]
  .text              ro code  0x08002608     0x4  startup_stm32f429xx.o [1]
  .text              ro code  0x0800260c     0x4  startup_stm32f429xx.o [1]
  .text              ro code  0x08002610     0x4  startup_stm32f429xx.o [1]
  .text              ro code  0x08002614     0x4  startup_stm32f429xx.o [1]
  .text              ro code  0x08002618     0x4  startup_stm32f429xx.o [1]
  .text              ro code  0x0800261c     0x4  startup_stm32f429xx.o [1]
  .text              ro code  0x08002620     0x4  startup_stm32f429xx.o [1]
  .text              ro code  0x08002624     0x4  startup_stm32f429xx.o [1]
  .text              ro code  0x08002628     0x4  startup_stm32f429xx.o [1]
  .text              ro code  0x0800262c     0x4  startup_stm32f429xx.o [1]
  .text              ro code  0x08002630     0x4  startup_stm32f429xx.o [1]
  .text              ro code  0x08002634     0x4  startup_stm32f429xx.o [1]
  .text              ro code  0x08002638     0x4  startup_stm32f429xx.o [1]
  .text              ro code  0x0800263c     0x4  startup_stm32f429xx.o [1]
  .text              ro code  0x08002640     0x4  startup_stm32f429xx.o [1]
  .text              ro code  0x08002644     0x4  startup_stm32f429xx.o [1]
  .text              ro code  0x08002648     0x4  startup_stm32f429xx.o [1]
  .text              ro code  0x0800264c     0x4  startup_stm32f429xx.o [1]
  .text              ro code  0x08002650     0x4  startup_stm32f429xx.o [1]
  .text              ro code  0x08002654     0x4  startup_stm32f429xx.o [1]
  .text              ro code  0x08002658     0x4  startup_stm32f429xx.o [1]
  .text              ro code  0x0800265c     0x4  startup_stm32f429xx.o [1]
  .text              ro code  0x08002660     0x4  startup_stm32f429xx.o [1]
  .text              ro code  0x08002664     0x4  startup_stm32f429xx.o [1]
  .text              ro code  0x08002668     0x4  startup_stm32f429xx.o [1]
  .text              ro code  0x0800266c     0x4  startup_stm32f429xx.o [1]
  .text              ro code  0x08002670     0x4  startup_stm32f429xx.o [1]
  .text              ro code  0x08002674     0x4  startup_stm32f429xx.o [1]
  .text              ro code  0x08002678     0x4  startup_stm32f429xx.o [1]
  .rodata            const    0x0800267c     0x0  zero_init3.o [5]
  .rodata            const    0x0800267c     0x0  packbits_init_single.o [5]
  Initializer bytes  const    0x0800267c    0x22  <for P2-1>
                            - 0x0800269e  0x24f2

"P2", part 1 of 3:                          0xc4
  P2-1                        0x20000000    0xc4  <Init block>
    .data            inited   0x20000000     0xc  port.o [1]
    .data            inited   0x2000000c     0x8  stm32f429i_discovery.o [1]
    .data            inited   0x20000014    0x14  system_stm32f4xx.o [1]
    .data            inited   0x20000028    0x9c  tasks.o [1]
                            - 0x200000c4    0xc4

"P2", part 2 of 3:                         0x400
  CSTACK                      0x200000c8   0x400  <Block>
    CSTACK           uninit   0x200000c8   0x400  <Block tail>
                            - 0x200004c8   0x400

"P2", part 3 of 3:                        0x113c
  .bss               zero     0x200004c8  0x1018  heap_4.o [1]
  .bss               zero     0x200014e0    0xa0  tasks.o [1]
  .bss               zero     0x20001580    0x40  queue.o [1]
  .bss               zero     0x200015c0    0x38  timers.o [1]
  .bss               zero     0x200015f8     0x8  main.o [1]
  .bss               zero     0x20001600     0x4  stm32f4xx_hal.o [1]
                            - 0x20001604  0x113c


*******************************************************************************
*** INIT TABLE
***

          Address     Size
          -------     ----
Zero (__iar_zero_init3)
    1 destination range, total size 0x113c:
          0x200004c8  0x113c

Copy/packbits (__iar_packbits_init_single3)
    1 source range, total size 0x22 (17% of destination):
          0x0800267c    0x22
    1 destination range, total size 0xc4:
          0x20000000    0xc4



*******************************************************************************
*** MODULE SUMMARY
***

    Module                  ro code  ro data  rw data
    ------                  -------  -------  -------
E:\code\LeaderUAV\STM32Cube_FW_F4_V1.11.0\Projects\STM32F429I-Discovery\Applications\FreeRTOS\FreeRTOS_ThreadCreation\EWARM\STM32F429I_DISCO\Obj: [1]
    cmsis_os.o                  220
    heap_4.o                    428             4 120
    list.o                      142
    main.o                      392       16        8
    port.o                      488        2       12
    portasm.o                   168
    queue.o                   1 368                64
    startup_stm32f429xx.o       804
    stm32f429i_discovery.o      144        1        8
    stm32f4xx_hal.o             100                 4
    stm32f4xx_hal_cortex.o      172
    stm32f4xx_hal_gpio.o        528
    stm32f4xx_hal_pwr_ex.o      116
    stm32f4xx_hal_rcc.o       1 032
    stm32f4xx_it.o               16
    system_stm32f4xx.o           80        3       20
    tasks.o                   2 396       28      316
    timers.o                    752                56
    -------------------------------------------------
    Total:                    9 346       50    4 608

command line: [2]
    -------------------------------------------------
    Total:

dl7M_tlf.a: [3]
    exit.o                        4
    low_level_init.o              4
    -------------------------------------------------
    Total:                        8

m7M_tls.a: [4]
    fpinit_M.o                   34
    -------------------------------------------------
    Total:                       34

rt7M_tl.a: [5]
    ABImemcpy_unaligned.o       118
    ABImemset48.o                58
    cexit.o                      10
    cmain.o                      26
    cstartup_M.o                 12
    data_init.o                  40
    packbits_init_single.o       56
    zero_init3.o                 64
    -------------------------------------------------
    Total:                      384

shb_l.a: [6]
    exit.o                       20
    -------------------------------------------------
    Total:                       20

    Gaps                         10        2
    Linker created                        32    1 024
-----------------------------------------------------
    Grand Total:              9 802       84    5 632


*******************************************************************************
*** ENTRY LIST
***

Entry                      Address    Size  Type      Object
-----                      -------    ----  ----      ------
.iar.init_table$$Base   0x08002474           --   Gb  - Linker created -
.iar.init_table$$Limit  0x08002494           --   Gb  - Linker created -
?main                   0x08002495          Code  Gb  cmain.o [5]
AHBPrescTable           0x20000014    0x10  Data  Gb  system_stm32f4xx.o [1]
APBAHBPrescTable        0x08001cc8    0x10  Data  Gb  stm32f4xx_hal_rcc.o [1]
BSP_LED_Init            0x08002181    0x58  Code  Gb  stm32f429i_discovery.o [1]
BSP_LED_Off             0x080021d9    0x16  Code  Gb  stm32f429i_discovery.o [1]
BSP_LED_Toggle          0x080021ef    0x14  Code  Gb  stm32f429i_discovery.o [1]
BusFault_Handler        0x080024ff     0x2  Code  Gb  stm32f4xx_it.o [1]
CSTACK$$Base            0x200000c8           --   Gb  - Linker created -
CSTACK$$Limit           0x200004c8           --   Gb  - Linker created -
DebugMon_Handler        0x08002503     0x2  Code  Gb  stm32f4xx_it.o [1]
GPIO_PIN                0x0800220c     0x4  Data  Gb  stm32f429i_discovery.o [1]
GPIO_PORT               0x2000000c     0x8  Data  Gb  stm32f429i_discovery.o [1]
HAL_GPIO_Init           0x08001de9   0x1ca  Code  Gb  stm32f4xx_hal_gpio.o [1]
HAL_GPIO_TogglePin      0x08001fbb     0x8  Code  Gb  stm32f4xx_hal_gpio.o [1]
HAL_GPIO_WritePin       0x08001fb3     0x8  Code  Gb  stm32f4xx_hal_gpio.o [1]
HAL_GetTick             0x08001d2f     0x6  Code  Wk  stm32f4xx_hal.o [1]
HAL_Init                0x08001cd9    0x30  Code  Gb  stm32f4xx_hal.o [1]
HAL_InitTick            0x08001d0b    0x24  Code  Wk  stm32f4xx_hal.o [1]
HAL_MspInit             0x08001d09     0x2  Code  Wk  stm32f4xx_hal.o [1]
HAL_NVIC_SetPriority    0x08001d71    0x3a  Code  Gb  stm32f4xx_hal_cortex.o [1]
HAL_NVIC_SetPriorityGrouping
                        0x08001d57    0x1a  Code  Gb  stm32f4xx_hal_cortex.o [1]
HAL_PWREx_EnableOverDrive
                        0x08002211    0x44  Code  Gb  stm32f4xx_hal_pwr_ex.o [1]
HAL_RCC_ClockConfig     0x08001b1b   0x10e  Code  Gb  stm32f4xx_hal_rcc.o [1]
HAL_RCC_GetHCLKFreq     0x08001c7d    0x1e  Code  Gb  stm32f4xx_hal_rcc.o [1]
HAL_RCC_GetSysClockFreq
                        0x08001c37    0x46  Code  Wk  stm32f4xx_hal_rcc.o [1]
HAL_RCC_OscConfig       0x080018d1   0x242  Code  Wk  stm32f4xx_hal_rcc.o [1]
HAL_SYSTICK_Config      0x08001dab    0x28  Code  Gb  stm32f4xx_hal_cortex.o [1]
HardFault_Handler       0x080024fb     0x2  Code  Gb  stm32f4xx_it.o [1]
LEDThread1Handle        0x200015f8     0x4  Data  Gb  main.o [1]
LEDThread2Handle        0x200015fc     0x4  Data  Gb  main.o [1]
LED_Thread1             0x080020bd    0x56  Code  Lc  main.o [1]
LED_Thread2             0x08002113    0x3a  Code  Lc  main.o [1]
MemManage_Handler       0x080024fd     0x2  Code  Gb  stm32f4xx_it.o [1]
NMI_Handler             0x080024f9     0x2  Code  Gb  stm32f4xx_it.o [1]
NVIC_SetPriority        0x08001d3d    0x1a  Code  Lc  stm32f4xx_hal_cortex.o [1]
PendSV_Handler          0x08001259          Code  Gb  portasm.o [1]
Region$$Table$$Base     0x08002474           --   Gb  - Linker created -
Region$$Table$$Limit    0x08002494           --   Gb  - Linker created -
SVC_Handler             0x080012b1          Code  Gb  portasm.o [1]
SysTick_Handler         0x08002505     0x4  Code  Gb  stm32f4xx_it.o [1]
SystemCoreClock         0x20000024     0x4  Data  Gb  system_stm32f4xx.o [1]
SystemInit              0x08002361    0x3a  Code  Gb  system_stm32f4xx.o [1]
UsageFault_Handler      0x08002501     0x2  Code  Gb  stm32f4xx_it.o [1]
__aeabi_memset4         0x0800121d          Code  Gb  ABImemset48.o [5]
__aeabi_memset8         0x0800121d          Code  Gb  ABImemset48.o [5]
__cmain                 0x08002495          Code  Gb  cmain.o [5]
__exit                  0x080024c5    0x14  Code  Gb  exit.o [6]
__iar_Memset4_word      0x08001225          Code  Gb  ABImemset48.o [5]
__iar_Memset8_word      0x08001225          Code  Gb  ABImemset48.o [5]
__iar_data_init3        0x08002429    0x28  Code  Gb  data_init.o [5]
__iar_init_vfp          0x08002451          Code  Gb  fpinit_M.o [4]
__iar_packbits_init_single3
                        0x080023f1    0x38  Code  Gb  packbits_init_single.o [5]
__iar_program_start     0x08002509          Code  Gb  cstartup_M.o [5]
__iar_unaligned___aeabi_memcpy
                        0x08001859          Code  Gb  ABImemcpy_unaligned.o [5]
__iar_unaligned___aeabi_memcpy4
                        0x08001879          Code  Gb  ABImemcpy_unaligned.o [5]
__iar_unaligned___aeabi_memcpy8
                        0x08001879          Code  Gb  ABImemcpy_unaligned.o [5]
__iar_zero_init3        0x080023b1    0x40  Code  Gb  zero_init3.o [5]
__low_level_init        0x080024af     0x4  Code  Gb  low_level_init.o [3]
__vector_table          0x08000000          Data  Gb  startup_stm32f429xx.o [1]
_call_main              0x080024a1          Code  Gb  cmain.o [5]
_exit                   0x080024b9          Code  Gb  cexit.o [5]
_main                   0x080024ab          Code  Gb  cmain.o [5]
exit                    0x080024b3     0x4  Code  Gb  exit.o [3]
inHandlerMode           0x08002291     0xc  Code  Lc  cmsis_os.o [1]
main                    0x08001ff9    0xc4  Code  Gb  main.o [1]
makeFreeRtosPriority    0x08002285     0xc  Code  Lc  cmsis_os.o [1]
osDelay                 0x080022f7     0xe  Code  Gb  cmsis_os.o [1]
osKernelStart           0x0800229d     0xa  Code  Gb  cmsis_os.o [1]
osKernelSysTick         0x080022a7    0x1a  Code  Gb  cmsis_os.o [1]
osSystickHandler        0x08002321    0x14  Code  Gb  cmsis_os.o [1]
osThreadCreate          0x080022c1    0x36  Code  Gb  cmsis_os.o [1]
osThreadResume          0x0800233f    0x22  Code  Gb  cmsis_os.o [1]
osThreadSuspend         0x08002335     0xa  Code  Gb  cmsis_os.o [1]
prvAddCurrentTaskToDelayedList
                        0x0800090b    0x30  Code  Lc  tasks.o [1]
prvAllocateTCBAndStack  0x0800093b    0x38  Code  Lc  tasks.o [1]
prvCheckForValidListAndQueue
                        0x0800100d    0x4c  Code  Lc  timers.o [1]
prvCopyDataFromQueue    0x08001777    0x26  Code  Lc  queue.o [1]
prvCopyDataToQueue      0x08001709    0x6e  Code  Lc  queue.o [1]
prvIdleTask             0x08000861    0x56  Code  Lc  tasks.o [1]
prvInitialiseTCBVariables
                        0x080008b7    0x54  Code  Lc  tasks.o [1]
prvInsertBlockIntoFreeList
                        0x080011cf    0x46  Code  Lc  heap_4.o [1]
prvInsertTimerInActiveList
                        0x08000f1f    0x34  Code  Lc  timers.o [1]
prvProcessReceivedCommands
                        0x08000f55    0xa8  Code  Lc  timers.o [1]
prvResetNextTaskUnblockTime
                        0x08000973    0x1a  Code  Lc  tasks.o [1]
prvSampleTimeNow        0x08000ea5    0x7a  Code  Lc  timers.o [1]
prvTaskExitError        0x08000b2d    0x28  Code  Lc  port.o [1]
prvTaskIsTaskSuspended  0x080003cf    0x24  Code  Lc  tasks.o [1]
prvTimerTask            0x08000e01    0xa4  Code  Lc  timers.o [1]
prvUnlockQueue          0x0800179d    0x5c  Code  Lc  queue.o [1]
pvPortMalloc            0x08001071    0xfa  Code  Gb  heap_4.o [1]
pvTaskIncrementMutexHeldCount
                        0x08000aab    0x12  Code  Gb  tasks.o [1]
pxCurrentTCB            0x20000050     0x4  Data  Gb  tasks.o [1]
pxCurrentTimerList      0x200015c0     0x4  Data  Lc  timers.o [1]
pxDelayedTaskList       0x20000054     0x4  Data  Lc  tasks.o [1]
pxEnd                   0x200004d0     0x4  Data  Lc  heap_4.o [1]
pxOverflowDelayedTaskList
                        0x20000058     0x4  Data  Lc  tasks.o [1]
pxOverflowTimerList     0x200015c4     0x4  Data  Lc  timers.o [1]
pxPortInitialiseStack   0x08000b09    0x22  Code  Gb  port.o [1]
pxReadyTasksLists       0x200014e0    0xa0  Data  Lc  tasks.o [1]
ucHeap                  0x200004e0  0x1000  Data  Lc  heap_4.o [1]
ucMaxSysCallPriority    0x20000000     0x1  Data  Lc  port.o [1]
ulMaxPRIGROUPValue      0x20000008     0x4  Data  Lc  port.o [1]
uwTick                  0x20001600     0x4  Data  Gb  stm32f4xx_hal.o [1]
uxCriticalNesting       0x20000004     0x4  Data  Lc  port.o [1]
uxCurrentNumberOfTasks  0x20000074     0x4  Data  Lc  tasks.o [1]
uxListRemove            0x08000d5b    0x24  Code  Gb  list.o [1]
uxPendedTicks           0x20000084     0x4  Data  Lc  tasks.o [1]
uxSchedulerSuspended    0x20000098     0x4  Data  Lc  tasks.o [1]
uxTaskNumber            0x20000090     0x4  Data  Lc  tasks.o [1]
uxTasksDeleted          0x2000005c     0x4  Data  Lc  tasks.o [1]
uxTopReadyPriority      0x2000007c     0x4  Data  Lc  tasks.o [1]
vListInitialise         0x08000cf1    0x1a  Code  Gb  list.o [1]
vListInitialiseItem     0x08000d0b     0x6  Code  Gb  list.o [1]
vListInsert             0x08000d29    0x32  Code  Gb  list.o [1]
vListInsertEnd          0x08000d11    0x18  Code  Gb  list.o [1]
vPortEnableVFP          0x080012e5          Code  Gb  portasm.o [1]
vPortEnterCritical      0x08000bed    0x32  Code  Gb  port.o [1]
vPortExitCritical       0x08000c1f    0x24  Code  Gb  port.o [1]
vPortFree               0x0800117d    0x44  Code  Gb  heap_4.o [1]
vPortSetupTimerInterrupt
                        0x08000c69    0x18  Code  Wk  port.o [1]
vPortStartFirstTask     0x080012cd          Code  Gb  portasm.o [1]
vPortValidateInterruptPriority
                        0x08000c81    0x42  Code  Gb  port.o [1]
vQueueAddToRegistry     0x080017f9    0x20  Code  Gb  queue.o [1]
vQueueWaitForMessageRestricted
                        0x08001821    0x38  Code  Gb  queue.o [1]
vTaskDelay              0x080002bf    0x34  Code  Gb  tasks.o [1]
vTaskMissedYield        0x08000859     0x8  Code  Gb  tasks.o [1]
vTaskPlaceOnEventList   0x080006e7    0x1a  Code  Gb  tasks.o [1]
vTaskPlaceOnEventListRestricted
                        0x08000735    0x1e  Code  Gb  tasks.o [1]
vTaskPriorityInherit    0x080009a3    0x6c  Code  Gb  tasks.o [1]
vTaskResume             0x080003f3    0x4a  Code  Gb  tasks.o [1]
vTaskSetTimeOutState    0x080007db    0x20  Code  Gb  tasks.o [1]
vTaskStartScheduler     0x080004b7    0x5c  Code  Gb  tasks.o [1]
vTaskSuspend            0x0800030d    0x50  Code  Gb  tasks.o [1]
vTaskSuspendAll         0x08000513     0xc  Code  Gb  tasks.o [1]
vTaskSwitchContext      0x08000695    0x52  Code  Gb  tasks.o [1]
xActiveTimerList1       0x200015d0    0x14  Data  Lc  timers.o [1]
xActiveTimerList2       0x200015e4    0x14  Data  Lc  timers.o [1]
xBlockAllocatedBit      0x200004dc     0x4  Data  Lc  heap_4.o [1]
xDelayedTaskList1       0x2000009c    0x14  Data  Lc  tasks.o [1]
xDelayedTaskList2       0x200000b0    0x14  Data  Lc  tasks.o [1]
xFreeBytesRemaining     0x200004d4     0x4  Data  Lc  heap_4.o [1]
xMinimumEverFreeBytesRemaining
                        0x200004d8     0x4  Data  Lc  heap_4.o [1]
xNextTaskUnblockTime    0x20000094     0x4  Data  Lc  tasks.o [1]
xNumOfOverflows         0x2000008c     0x4  Data  Lc  tasks.o [1]
xPendingReadyList       0x20000028    0x14  Data  Lc  tasks.o [1]
xPortStartScheduler     0x08000b55    0x84  Code  Gb  port.o [1]
xPortSysTickHandler     0x08000c43    0x26  Code  Gb  port.o [1]
xQueueGenericCreate     0x08001373    0x5c  Code  Gb  queue.o [1]
xQueueGenericReceive    0x080015c5   0x124  Code  Gb  queue.o [1]
xQueueGenericReset      0x08001301    0x72  Code  Gb  queue.o [1]
xQueueGenericSend       0x080013df   0x128  Code  Gb  queue.o [1]
xQueueGenericSendFromISR
                        0x08001507    0x90  Code  Gb  queue.o [1]
xQueueRegistry          0x20001580    0x40  Data  Gb  queue.o [1]
xSchedulerRunning       0x20000080     0x4  Data  Lc  tasks.o [1]
xStart                  0x200004c8     0x8  Data  Lc  heap_4.o [1]
xSuspendedTaskList      0x20000060    0x14  Data  Lc  tasks.o [1]
xTaskCheckForTimeOut    0x080007fb    0x56  Code  Gb  tasks.o [1]
xTaskGenericCreate      0x080001ad   0x112  Code  Gb  tasks.o [1]
xTaskGetSchedulerState  0x0800098d    0x16  Code  Gb  tasks.o [1]
xTaskGetTickCount       0x080005c3     0x8  Code  Gb  tasks.o [1]
xTaskGetTickCountFromISR
                        0x080005cb     0xe  Code  Gb  tasks.o [1]
xTaskIncrementTick      0x080005d9    0xbc  Code  Gb  tasks.o [1]
xTaskPriorityDisinherit
                        0x08000a0f    0x7a  Code  Gb  tasks.o [1]
xTaskRemoveFromEventList
                        0x08000771    0x56  Code  Gb  tasks.o [1]
xTaskResumeAll          0x0800051f    0x90  Code  Gb  tasks.o [1]
xTaskResumeFromISR      0x08000447    0x62  Code  Gb  tasks.o [1]
xTasksWaitingTermination
                        0x2000003c    0x14  Data  Lc  tasks.o [1]
xTickCount              0x20000078     0x4  Data  Lc  tasks.o [1]
xTimerCreateTimerTask   0x08000d81    0x38  Code  Gb  timers.o [1]
xTimerGenericCommand    0x08000db9    0x48  Code  Gb  timers.o [1]
xTimerQueue             0x200015c8     0x4  Data  Lc  timers.o [1]
xYieldPending           0x20000088     0x4  Data  Lc  tasks.o [1]


[1] = E:\code\LeaderUAV\STM32Cube_FW_F4_V1.11.0\Projects\STM32F429I-Discovery\Applications\FreeRTOS\FreeRTOS_ThreadCreation\EWARM\STM32F429I_DISCO\Obj
[2] = command line
[3] = dl7M_tlf.a
[4] = m7M_tls.a
[5] = rt7M_tl.a
[6] = shb_l.a

  9 802 bytes of readonly  code memory
     84 bytes of readonly  data memory
  5 632 bytes of readwrite data memory

Errors: none
Warnings: none
