###############################################################################
#
# IAR ELF Linker V7.50.2.10312/W32 for ARM                18/Jul/2016  16:23:42
# Copyright 2007-2015 IAR Systems AB.
#
#    Output file  =  
#        E:\code\SKYVIEW_H_SUB\stm32cubef4_V1.8.0_official\STM32Cube_FW_F4_V1.8.0\Projects\STM32F4-Discovery\Demonstrations\EWARM\STM32F4-DISCO\Exe\STM32F4_DISCO.out
#    Map file     =  
#        E:\code\SKYVIEW_H_SUB\stm32cubef4_V1.8.0_official\STM32Cube_FW_F4_V1.8.0\Projects\STM32F4-Discovery\Demonstrations\EWARM\STM32F4-DISCO\List\STM32F4_DISCO.map
#    Command line =  
#        E:\code\SKYVIEW_H_SUB\stm32cubef4_V1.8.0_official\STM32Cube_FW_F4_V1.8.0\Projects\STM32F4-Discovery\Demonstrations\EWARM\STM32F4-DISCO\Obj\lis302dl.o
#        E:\code\SKYVIEW_H_SUB\stm32cubef4_V1.8.0_official\STM32Cube_FW_F4_V1.8.0\Projects\STM32F4-Discovery\Demonstrations\EWARM\STM32F4-DISCO\Obj\lis3dsh.o
#        E:\code\SKYVIEW_H_SUB\stm32cubef4_V1.8.0_official\STM32Cube_FW_F4_V1.8.0\Projects\STM32F4-Discovery\Demonstrations\EWARM\STM32F4-DISCO\Obj\main.o
#        E:\code\SKYVIEW_H_SUB\stm32cubef4_V1.8.0_official\STM32Cube_FW_F4_V1.8.0\Projects\STM32F4-Discovery\Demonstrations\EWARM\STM32F4-DISCO\Obj\startup_stm32f407xx.o
#        E:\code\SKYVIEW_H_SUB\stm32cubef4_V1.8.0_official\STM32Cube_FW_F4_V1.8.0\Projects\STM32F4-Discovery\Demonstrations\EWARM\STM32F4-DISCO\Obj\stm32f4_discovery.o
#        E:\code\SKYVIEW_H_SUB\stm32cubef4_V1.8.0_official\STM32Cube_FW_F4_V1.8.0\Projects\STM32F4-Discovery\Demonstrations\EWARM\STM32F4-DISCO\Obj\stm32f4_discovery_accelerometer.o
#        E:\code\SKYVIEW_H_SUB\stm32cubef4_V1.8.0_official\STM32Cube_FW_F4_V1.8.0\Projects\STM32F4-Discovery\Demonstrations\EWARM\STM32F4-DISCO\Obj\stm32f4xx_hal.o
#        E:\code\SKYVIEW_H_SUB\stm32cubef4_V1.8.0_official\STM32Cube_FW_F4_V1.8.0\Projects\STM32F4-Discovery\Demonstrations\EWARM\STM32F4-DISCO\Obj\stm32f4xx_hal_adc.o
#        E:\code\SKYVIEW_H_SUB\stm32cubef4_V1.8.0_official\STM32Cube_FW_F4_V1.8.0\Projects\STM32F4-Discovery\Demonstrations\EWARM\STM32F4-DISCO\Obj\stm32f4xx_hal_can.o
#        E:\code\SKYVIEW_H_SUB\stm32cubef4_V1.8.0_official\STM32Cube_FW_F4_V1.8.0\Projects\STM32F4-Discovery\Demonstrations\EWARM\STM32F4-DISCO\Obj\stm32f4xx_hal_cortex.o
#        E:\code\SKYVIEW_H_SUB\stm32cubef4_V1.8.0_official\STM32Cube_FW_F4_V1.8.0\Projects\STM32F4-Discovery\Demonstrations\EWARM\STM32F4-DISCO\Obj\stm32f4xx_hal_crc.o
#        E:\code\SKYVIEW_H_SUB\stm32cubef4_V1.8.0_official\STM32Cube_FW_F4_V1.8.0\Projects\STM32F4-Discovery\Demonstrations\EWARM\STM32F4-DISCO\Obj\stm32f4xx_hal_cryp.o
#        E:\code\SKYVIEW_H_SUB\stm32cubef4_V1.8.0_official\STM32Cube_FW_F4_V1.8.0\Projects\STM32F4-Discovery\Demonstrations\EWARM\STM32F4-DISCO\Obj\stm32f4xx_hal_dac.o
#        E:\code\SKYVIEW_H_SUB\stm32cubef4_V1.8.0_official\STM32Cube_FW_F4_V1.8.0\Projects\STM32F4-Discovery\Demonstrations\EWARM\STM32F4-DISCO\Obj\stm32f4xx_hal_dcmi.o
#        E:\code\SKYVIEW_H_SUB\stm32cubef4_V1.8.0_official\STM32Cube_FW_F4_V1.8.0\Projects\STM32F4-Discovery\Demonstrations\EWARM\STM32F4-DISCO\Obj\stm32f4xx_hal_dma.o
#        E:\code\SKYVIEW_H_SUB\stm32cubef4_V1.8.0_official\STM32Cube_FW_F4_V1.8.0\Projects\STM32F4-Discovery\Demonstrations\EWARM\STM32F4-DISCO\Obj\stm32f4xx_hal_eth.o
#        E:\code\SKYVIEW_H_SUB\stm32cubef4_V1.8.0_official\STM32Cube_FW_F4_V1.8.0\Projects\STM32F4-Discovery\Demonstrations\EWARM\STM32F4-DISCO\Obj\stm32f4xx_hal_flash.o
#        E:\code\SKYVIEW_H_SUB\stm32cubef4_V1.8.0_official\STM32Cube_FW_F4_V1.8.0\Projects\STM32F4-Discovery\Demonstrations\EWARM\STM32F4-DISCO\Obj\stm32f4xx_hal_flash_ex.o
#        E:\code\SKYVIEW_H_SUB\stm32cubef4_V1.8.0_official\STM32Cube_FW_F4_V1.8.0\Projects\STM32F4-Discovery\Demonstrations\EWARM\STM32F4-DISCO\Obj\stm32f4xx_hal_gpio.o
#        E:\code\SKYVIEW_H_SUB\stm32cubef4_V1.8.0_official\STM32Cube_FW_F4_V1.8.0\Projects\STM32F4-Discovery\Demonstrations\EWARM\STM32F4-DISCO\Obj\stm32f4xx_hal_hash.o
#        E:\code\SKYVIEW_H_SUB\stm32cubef4_V1.8.0_official\STM32Cube_FW_F4_V1.8.0\Projects\STM32F4-Discovery\Demonstrations\EWARM\STM32F4-DISCO\Obj\stm32f4xx_hal_hcd.o
#        E:\code\SKYVIEW_H_SUB\stm32cubef4_V1.8.0_official\STM32Cube_FW_F4_V1.8.0\Projects\STM32F4-Discovery\Demonstrations\EWARM\STM32F4-DISCO\Obj\stm32f4xx_hal_i2c.o
#        E:\code\SKYVIEW_H_SUB\stm32cubef4_V1.8.0_official\STM32Cube_FW_F4_V1.8.0\Projects\STM32F4-Discovery\Demonstrations\EWARM\STM32F4-DISCO\Obj\stm32f4xx_hal_i2s.o
#        E:\code\SKYVIEW_H_SUB\stm32cubef4_V1.8.0_official\STM32Cube_FW_F4_V1.8.0\Projects\STM32F4-Discovery\Demonstrations\EWARM\STM32F4-DISCO\Obj\stm32f4xx_hal_irda.o
#        E:\code\SKYVIEW_H_SUB\stm32cubef4_V1.8.0_official\STM32Cube_FW_F4_V1.8.0\Projects\STM32F4-Discovery\Demonstrations\EWARM\STM32F4-DISCO\Obj\stm32f4xx_hal_iwdg.o
#        E:\code\SKYVIEW_H_SUB\stm32cubef4_V1.8.0_official\STM32Cube_FW_F4_V1.8.0\Projects\STM32F4-Discovery\Demonstrations\EWARM\STM32F4-DISCO\Obj\stm32f4xx_hal_msp.o
#        E:\code\SKYVIEW_H_SUB\stm32cubef4_V1.8.0_official\STM32Cube_FW_F4_V1.8.0\Projects\STM32F4-Discovery\Demonstrations\EWARM\STM32F4-DISCO\Obj\stm32f4xx_hal_nand.o
#        E:\code\SKYVIEW_H_SUB\stm32cubef4_V1.8.0_official\STM32Cube_FW_F4_V1.8.0\Projects\STM32F4-Discovery\Demonstrations\EWARM\STM32F4-DISCO\Obj\stm32f4xx_hal_nor.o
#        E:\code\SKYVIEW_H_SUB\stm32cubef4_V1.8.0_official\STM32Cube_FW_F4_V1.8.0\Projects\STM32F4-Discovery\Demonstrations\EWARM\STM32F4-DISCO\Obj\stm32f4xx_hal_pccard.o
#        E:\code\SKYVIEW_H_SUB\stm32cubef4_V1.8.0_official\STM32Cube_FW_F4_V1.8.0\Projects\STM32F4-Discovery\Demonstrations\EWARM\STM32F4-DISCO\Obj\stm32f4xx_hal_pcd.o
#        E:\code\SKYVIEW_H_SUB\stm32cubef4_V1.8.0_official\STM32Cube_FW_F4_V1.8.0\Projects\STM32F4-Discovery\Demonstrations\EWARM\STM32F4-DISCO\Obj\stm32f4xx_hal_pcd_ex.o
#        E:\code\SKYVIEW_H_SUB\stm32cubef4_V1.8.0_official\STM32Cube_FW_F4_V1.8.0\Projects\STM32F4-Discovery\Demonstrations\EWARM\STM32F4-DISCO\Obj\stm32f4xx_hal_pwr.o
#        E:\code\SKYVIEW_H_SUB\stm32cubef4_V1.8.0_official\STM32Cube_FW_F4_V1.8.0\Projects\STM32F4-Discovery\Demonstrations\EWARM\STM32F4-DISCO\Obj\stm32f4xx_hal_rcc.o
#        E:\code\SKYVIEW_H_SUB\stm32cubef4_V1.8.0_official\STM32Cube_FW_F4_V1.8.0\Projects\STM32F4-Discovery\Demonstrations\EWARM\STM32F4-DISCO\Obj\stm32f4xx_hal_rng.o
#        E:\code\SKYVIEW_H_SUB\stm32cubef4_V1.8.0_official\STM32Cube_FW_F4_V1.8.0\Projects\STM32F4-Discovery\Demonstrations\EWARM\STM32F4-DISCO\Obj\stm32f4xx_hal_rtc.o
#        E:\code\SKYVIEW_H_SUB\stm32cubef4_V1.8.0_official\STM32Cube_FW_F4_V1.8.0\Projects\STM32F4-Discovery\Demonstrations\EWARM\STM32F4-DISCO\Obj\stm32f4xx_hal_sd.o
#        E:\code\SKYVIEW_H_SUB\stm32cubef4_V1.8.0_official\STM32Cube_FW_F4_V1.8.0\Projects\STM32F4-Discovery\Demonstrations\EWARM\STM32F4-DISCO\Obj\stm32f4xx_hal_smartcard.o
#        E:\code\SKYVIEW_H_SUB\stm32cubef4_V1.8.0_official\STM32Cube_FW_F4_V1.8.0\Projects\STM32F4-Discovery\Demonstrations\EWARM\STM32F4-DISCO\Obj\stm32f4xx_hal_spi.o
#        E:\code\SKYVIEW_H_SUB\stm32cubef4_V1.8.0_official\STM32Cube_FW_F4_V1.8.0\Projects\STM32F4-Discovery\Demonstrations\EWARM\STM32F4-DISCO\Obj\stm32f4xx_hal_sram.o
#        E:\code\SKYVIEW_H_SUB\stm32cubef4_V1.8.0_official\STM32Cube_FW_F4_V1.8.0\Projects\STM32F4-Discovery\Demonstrations\EWARM\STM32F4-DISCO\Obj\stm32f4xx_hal_tim.o
#        E:\code\SKYVIEW_H_SUB\stm32cubef4_V1.8.0_official\STM32Cube_FW_F4_V1.8.0\Projects\STM32F4-Discovery\Demonstrations\EWARM\STM32F4-DISCO\Obj\stm32f4xx_hal_tim_ex.o
#        E:\code\SKYVIEW_H_SUB\stm32cubef4_V1.8.0_official\STM32Cube_FW_F4_V1.8.0\Projects\STM32F4-Discovery\Demonstrations\EWARM\STM32F4-DISCO\Obj\stm32f4xx_hal_uart.o
#        E:\code\SKYVIEW_H_SUB\stm32cubef4_V1.8.0_official\STM32Cube_FW_F4_V1.8.0\Projects\STM32F4-Discovery\Demonstrations\EWARM\STM32F4-DISCO\Obj\stm32f4xx_hal_usart.o
#        E:\code\SKYVIEW_H_SUB\stm32cubef4_V1.8.0_official\STM32Cube_FW_F4_V1.8.0\Projects\STM32F4-Discovery\Demonstrations\EWARM\STM32F4-DISCO\Obj\stm32f4xx_hal_wwdg.o
#        E:\code\SKYVIEW_H_SUB\stm32cubef4_V1.8.0_official\STM32Cube_FW_F4_V1.8.0\Projects\STM32F4-Discovery\Demonstrations\EWARM\STM32F4-DISCO\Obj\stm32f4xx_it.o
#        E:\code\SKYVIEW_H_SUB\stm32cubef4_V1.8.0_official\STM32Cube_FW_F4_V1.8.0\Projects\STM32F4-Discovery\Demonstrations\EWARM\STM32F4-DISCO\Obj\stm32f4xx_ll_fsmc.o
#        E:\code\SKYVIEW_H_SUB\stm32cubef4_V1.8.0_official\STM32Cube_FW_F4_V1.8.0\Projects\STM32F4-Discovery\Demonstrations\EWARM\STM32F4-DISCO\Obj\stm32f4xx_ll_sdmmc.o
#        E:\code\SKYVIEW_H_SUB\stm32cubef4_V1.8.0_official\STM32Cube_FW_F4_V1.8.0\Projects\STM32F4-Discovery\Demonstrations\EWARM\STM32F4-DISCO\Obj\stm32f4xx_ll_usb.o
#        E:\code\SKYVIEW_H_SUB\stm32cubef4_V1.8.0_official\STM32Cube_FW_F4_V1.8.0\Projects\STM32F4-Discovery\Demonstrations\EWARM\STM32F4-DISCO\Obj\system_stm32f4xx.o
#        E:\code\SKYVIEW_H_SUB\stm32cubef4_V1.8.0_official\STM32Cube_FW_F4_V1.8.0\Projects\STM32F4-Discovery\Demonstrations\EWARM\STM32F4-DISCO\Obj\usbd_conf.o
#        E:\code\SKYVIEW_H_SUB\stm32cubef4_V1.8.0_official\STM32Cube_FW_F4_V1.8.0\Projects\STM32F4-Discovery\Demonstrations\EWARM\STM32F4-DISCO\Obj\usbd_core.o
#        E:\code\SKYVIEW_H_SUB\stm32cubef4_V1.8.0_official\STM32Cube_FW_F4_V1.8.0\Projects\STM32F4-Discovery\Demonstrations\EWARM\STM32F4-DISCO\Obj\usbd_ctlreq.o
#        E:\code\SKYVIEW_H_SUB\stm32cubef4_V1.8.0_official\STM32Cube_FW_F4_V1.8.0\Projects\STM32F4-Discovery\Demonstrations\EWARM\STM32F4-DISCO\Obj\usbd_desc.o
#        E:\code\SKYVIEW_H_SUB\stm32cubef4_V1.8.0_official\STM32Cube_FW_F4_V1.8.0\Projects\STM32F4-Discovery\Demonstrations\EWARM\STM32F4-DISCO\Obj\usbd_hid.o
#        E:\code\SKYVIEW_H_SUB\stm32cubef4_V1.8.0_official\STM32Cube_FW_F4_V1.8.0\Projects\STM32F4-Discovery\Demonstrations\EWARM\STM32F4-DISCO\Obj\usbd_ioreq.o
#        --redirect _Printf=_PrintfFull --redirect _Scanf=_ScanfFull -o
#        E:\code\SKYVIEW_H_SUB\stm32cubef4_V1.8.0_official\STM32Cube_FW_F4_V1.8.0\Projects\STM32F4-Discovery\Demonstrations\EWARM\STM32F4-DISCO\Exe\STM32F4_DISCO.out
#        --map
#        E:\code\SKYVIEW_H_SUB\stm32cubef4_V1.8.0_official\STM32Cube_FW_F4_V1.8.0\Projects\STM32F4-Discovery\Demonstrations\EWARM\STM32F4-DISCO\List\STM32F4_DISCO.map
#        --config
#        E:\code\SKYVIEW_H_SUB\stm32cubef4_V1.8.0_official\STM32Cube_FW_F4_V1.8.0\Projects\STM32F4-Discovery\Demonstrations\EWARM\stm32f407xx_flash.icf
#        --semihosting --entry __iar_program_start --vfe
#
###############################################################################

*******************************************************************************
*** RUNTIME MODEL ATTRIBUTES
***

CppFlavor       = *
__Heap_Handler  = DLMalloc
__SystemLibrary = DLib


*******************************************************************************
*** PLACEMENT SUMMARY
***

"A1":  place at 0x08000000 { ro section .intvec };
"P1":  place in [from 0x08000000 to 0x080fffff] { ro };
"P2":  place in [from 0x20000000 to 0x2001ffff] { rw, block CSTACK, block HEAP };

  Section            Kind        Address    Size  Object
  -------            ----        -------    ----  ------
"A1":                                      0x188
  .intvec            ro code  0x08000000   0x188  startup_stm32f407xx.o [1]
                            - 0x08000188   0x188

"P1":                                     0x5296
  .text              ro code  0x08000188  0x14f0  dlmalloc.o [3]
  .text              ro code  0x08001678     0x6  abort.o [3]
  .text              ro code  0x0800167e    0x76  lz77_init_single.o [5]
  .text              ro code  0x080016f4    0x2c  xgetmemchunk.o [3]
  .text              ro code  0x08001720    0x14  exit.o [6]
  .text              ro code  0x08001734   0x8b8  stm32f4xx_ll_usb.o [1]
  .text              ro code  0x08001fec    0x8c  stm32f4xx_hal.o [1]
  .text              ro code  0x08002078    0xcc  stm32f4xx_hal_cortex.o [1]
  .text              ro code  0x08002144   0x4bc  stm32f4xx_hal_rcc.o [1]
  .text              ro code  0x08002600   0x46c  main.o [1]
  .text              ro code  0x08002a6c   0x311  stm32f4_discovery.o [1]
  .text              ro code  0x08002d80    0x70  stm32f4_discovery_accelerometer.o [1]
  .text              ro code  0x08002df0   0x424  stm32f4xx_hal_tim.o [1]
  .text              ro code  0x08003214   0x296  usbd_core.o [1]
  .text              ro code  0x080034ac   0x128  usbd_hid.o [1]
  .text              ro code  0x080035d4   0x220  stm32f4xx_hal_gpio.o [1]
  .text              ro code  0x080037f4   0x3c8  stm32f4xx_hal_spi.o [1]
  .text              ro code  0x08003bbc    0x6c  stm32f4xx_hal_msp.o [1]
  .text              ro code  0x08003c28   0x266  usbd_conf.o [1]
  .text              ro code  0x08003e90   0x3b2  usbd_ctlreq.o [1]
  .text              ro code  0x08004242    0x4e  usbd_ioreq.o [1]
  .text              ro code  0x08004290   0x732  stm32f4xx_hal_pcd.o [1]
  .text              ro code  0x080049c2    0x48  stm32f4xx_hal_pcd_ex.o [1]
  .text              ro code  0x08004a0c    0x56  ABImemcpy_unaligned.o [5]
  .text              ro code  0x08004a64   0x22c  lis3dsh.o [1]
  .text              ro code  0x08004c90    0x2e  I32ToFlt.o [4]
  .text              ro code  0x08004cc0    0xd8  FltMul.o [4]
  .text              ro code  0x08004d98    0x44  FltToS32.o [4]
  .text              ro code  0x08004ddc   0x1b2  lis302dl.o [1]
  .text              ro code  0x08004f90    0xf4  usbd_desc.o [1]
  .text              ro code  0x08005084    0x40  system_stm32f4xx.o [1]
  .text              ro code  0x080050c4    0x40  zero_init3.o [5]
  .text              ro code  0x08005104    0x30  stm32f4xx_it.o [1]
  .text              ro code  0x08005134    0x28  data_init.o [5]
  .iar.init_table    const    0x0800515c    0x20  - Linker created -
  .text              ro code  0x0800517c    0x1a  cmain.o [5]
  .text              ro code  0x08005196     0x4  low_level_init.o [3]
  .text              ro code  0x0800519a     0x4  exit.o [3]
  .text              ro code  0x080051a0     0xa  cexit.o [5]
  .text              ro code  0x080051ac    0x10  startup_stm32f407xx.o [1]
  .text              ro code  0x080051bc     0xc  cstartup_M.o [5]
  .text              ro code  0x080051c8     0x4  startup_stm32f407xx.o [1]
  .text              ro code  0x080051cc     0x4  startup_stm32f407xx.o [1]
  .text              ro code  0x080051d0     0x4  startup_stm32f407xx.o [1]
  .text              ro code  0x080051d4     0x4  startup_stm32f407xx.o [1]
  .text              ro code  0x080051d8     0x4  startup_stm32f407xx.o [1]
  .text              ro code  0x080051dc     0x4  startup_stm32f407xx.o [1]
  .text              ro code  0x080051e0     0x4  startup_stm32f407xx.o [1]
  .text              ro code  0x080051e4     0x4  startup_stm32f407xx.o [1]
  .text              ro code  0x080051e8     0x4  startup_stm32f407xx.o [1]
  .text              ro code  0x080051ec     0x4  startup_stm32f407xx.o [1]
  .text              ro code  0x080051f0     0x4  startup_stm32f407xx.o [1]
  .text              ro code  0x080051f4     0x4  startup_stm32f407xx.o [1]
  .text              ro code  0x080051f8     0x4  startup_stm32f407xx.o [1]
  .text              ro code  0x080051fc     0x4  startup_stm32f407xx.o [1]
  .text              ro code  0x08005200     0x4  startup_stm32f407xx.o [1]
  .text              ro code  0x08005204     0x4  startup_stm32f407xx.o [1]
  .text              ro code  0x08005208     0x4  startup_stm32f407xx.o [1]
  .text              ro code  0x0800520c     0x4  startup_stm32f407xx.o [1]
  .text              ro code  0x08005210     0x4  startup_stm32f407xx.o [1]
  .text              ro code  0x08005214     0x4  startup_stm32f407xx.o [1]
  .text              ro code  0x08005218     0x4  startup_stm32f407xx.o [1]
  .text              ro code  0x0800521c     0x4  startup_stm32f407xx.o [1]
  .text              ro code  0x08005220     0x4  startup_stm32f407xx.o [1]
  .text              ro code  0x08005224     0x4  startup_stm32f407xx.o [1]
  .text              ro code  0x08005228     0x4  startup_stm32f407xx.o [1]
  .text              ro code  0x0800522c     0x4  startup_stm32f407xx.o [1]
  .text              ro code  0x08005230     0x4  startup_stm32f407xx.o [1]
  .text              ro code  0x08005234     0x4  startup_stm32f407xx.o [1]
  .text              ro code  0x08005238     0x4  startup_stm32f407xx.o [1]
  .text              ro code  0x0800523c     0x4  startup_stm32f407xx.o [1]
  .text              ro code  0x08005240     0x4  startup_stm32f407xx.o [1]
  .text              ro code  0x08005244     0x4  startup_stm32f407xx.o [1]
  .text              ro code  0x08005248     0x4  startup_stm32f407xx.o [1]
  .text              ro code  0x0800524c     0x4  startup_stm32f407xx.o [1]
  .text              ro code  0x08005250     0x4  startup_stm32f407xx.o [1]
  .text              ro code  0x08005254     0x4  startup_stm32f407xx.o [1]
  .text              ro code  0x08005258     0x4  startup_stm32f407xx.o [1]
  .text              ro code  0x0800525c     0x4  startup_stm32f407xx.o [1]
  .text              ro code  0x08005260     0x4  startup_stm32f407xx.o [1]
  .text              ro code  0x08005264     0x4  startup_stm32f407xx.o [1]
  .text              ro code  0x08005268     0x4  startup_stm32f407xx.o [1]
  .text              ro code  0x0800526c     0x4  startup_stm32f407xx.o [1]
  .text              ro code  0x08005270     0x4  startup_stm32f407xx.o [1]
  .text              ro code  0x08005274     0x4  startup_stm32f407xx.o [1]
  .text              ro code  0x08005278     0x4  startup_stm32f407xx.o [1]
  .text              ro code  0x0800527c     0x4  startup_stm32f407xx.o [1]
  .text              ro code  0x08005280     0x4  startup_stm32f407xx.o [1]
  .text              ro code  0x08005284     0x4  startup_stm32f407xx.o [1]
  .text              ro code  0x08005288     0x4  startup_stm32f407xx.o [1]
  .text              ro code  0x0800528c     0x4  startup_stm32f407xx.o [1]
  .text              ro code  0x08005290     0x4  startup_stm32f407xx.o [1]
  .text              ro code  0x08005294     0x4  startup_stm32f407xx.o [1]
  .text              ro code  0x08005298     0x4  startup_stm32f407xx.o [1]
  .text              ro code  0x0800529c     0x4  startup_stm32f407xx.o [1]
  .text              ro code  0x080052a0     0x4  startup_stm32f407xx.o [1]
  .text              ro code  0x080052a4     0x4  startup_stm32f407xx.o [1]
  .text              ro code  0x080052a8     0x4  startup_stm32f407xx.o [1]
  .text              ro code  0x080052ac     0x4  startup_stm32f407xx.o [1]
  .text              ro code  0x080052b0     0x4  startup_stm32f407xx.o [1]
  .text              ro code  0x080052b4     0x4  startup_stm32f407xx.o [1]
  .text              ro code  0x080052b8     0x4  startup_stm32f407xx.o [1]
  .text              ro code  0x080052bc     0x4  startup_stm32f407xx.o [1]
  .text              ro code  0x080052c0     0x4  startup_stm32f407xx.o [1]
  .text              ro code  0x080052c4     0x4  startup_stm32f407xx.o [1]
  .text              ro code  0x080052c8     0x4  startup_stm32f407xx.o [1]
  .text              ro code  0x080052cc     0x4  startup_stm32f407xx.o [1]
  .text              ro code  0x080052d0     0x4  startup_stm32f407xx.o [1]
  .text              ro code  0x080052d4     0x4  startup_stm32f407xx.o [1]
  .text              ro code  0x080052d8     0x4  startup_stm32f407xx.o [1]
  .text              ro code  0x080052dc     0x4  startup_stm32f407xx.o [1]
  .text              ro code  0x080052e0     0x4  startup_stm32f407xx.o [1]
  .text              ro code  0x080052e4     0x4  startup_stm32f407xx.o [1]
  .text              ro code  0x080052e8     0x4  startup_stm32f407xx.o [1]
  .text              ro code  0x080052ec     0x4  startup_stm32f407xx.o [1]
  .text              ro code  0x080052f0     0x4  startup_stm32f407xx.o [1]
  .text              ro code  0x080052f4     0x4  startup_stm32f407xx.o [1]
  .text              ro code  0x080052f8     0x4  startup_stm32f407xx.o [1]
  .text              ro code  0x080052fc     0x4  startup_stm32f407xx.o [1]
  .text              ro code  0x08005300     0x4  startup_stm32f407xx.o [1]
  .rodata            const    0x08005304     0x0  zero_init3.o [5]
  .rodata            const    0x08005304     0x0  lz77_init_single.o [5]
  Initializer bytes  const    0x08005304   0x11a  <for P2-1>
                            - 0x0800541e  0x5296

"P2", part 1 of 3:                         0x1e0
  P2-1                        0x20000000   0x1e0  <Init block>
    .data            inited   0x20000000    0x34  lis302dl.o [1]
    .data            inited   0x20000034    0x34  lis3dsh.o [1]
    .data            inited   0x20000068    0x10  stm32f4_discovery.o [1]
    .data            inited   0x20000078     0x4  stm32f4_discovery.o [1]
    .data            inited   0x2000007c    0x5c  stm32f4_discovery.o [1]
    .data            inited   0x200000d8    0x14  system_stm32f4xx.o [1]
    .data            inited   0x200000ec    0x1c  usbd_desc.o [1]
    .data            inited   0x20000108    0x14  usbd_desc.o [1]
    .data            inited   0x2000011c     0x4  usbd_desc.o [1]
    .data            inited   0x20000120    0x38  usbd_hid.o [1]
    .data            inited   0x20000158    0x24  usbd_hid.o [1]
    .data            inited   0x2000017c    0x58  usbd_hid.o [1]
    .data            inited   0x200001d4     0xc  usbd_hid.o [1]
                            - 0x200001e0   0x1e0

"P2", part 2 of 3:                         0x600
  CSTACK                      0x200001e0   0x400  <Block>
    CSTACK           uninit   0x200001e0   0x400  <Block tail>
  HEAP                        0x200005e0   0x200  <Block>
    HEAP             uninit   0x200005e0   0x200  <Block tail>
                            - 0x200007e0   0x600

"P2", part 3 of 3:                         0x94c
  .bss               zero     0x200007e0   0x3b8  usbd_conf.o [1]
  .bss               zero     0x20000b98   0x294  main.o [1]
  .bss               zero     0x20000e2c   0x1d8  dlmalloc.o [3]
  .bss               zero     0x20001004   0x100  usbd_desc.o [1]
  .bss               zero     0x20001104    0x18  dlmalloc.o [3]
  .bss               zero     0x2000111c     0x4  stm32f4_discovery_accelerometer.o [1]
  .bss               zero     0x20001120     0x4  stm32f4xx_hal.o [1]
  .bss               zero     0x20001124     0x4  xgetmemchunk.o [3]
  .bss               zero     0x20001128     0x1  usbd_ctlreq.o [1]
                            - 0x20001129   0x949


*******************************************************************************
*** INIT TABLE
***

          Address     Size
          -------     ----
Zero (__iar_zero_init3)
    1 destination range, total size 0x949:
          0x200007e0  0x949

Copy/lz77 (__iar_lz77_init_single3)
    1 source range, total size 0x11a (58% of destination):
          0x08005304  0x11a
    1 destination range, total size 0x1e0:
          0x20000000  0x1e0



*******************************************************************************
*** MODULE SUMMARY
***

    Module                             ro code  ro data  rw data
    ------                             -------  -------  -------
E:\code\SKYVIEW_H_SUB\stm32cubef4_V1.8.0_official\STM32Cube_FW_F4_V1.8.0\Projects\STM32F4-Discovery\Demonstrations\EWARM\STM32F4-DISCO\Obj: [1]
    lis302dl.o                             434       30       52
    lis3dsh.o                              556       31       52
    main.o                               1 132               660
    startup_stm32f407xx.o                  724
    stm32f4_discovery.o                    785       65      112
    stm32f4_discovery_accelerometer.o      112                 4
    stm32f4xx_hal.o                        140                 4
    stm32f4xx_hal_cortex.o                 204
    stm32f4xx_hal_gpio.o                   544
    stm32f4xx_hal_msp.o                    108
    stm32f4xx_hal_pcd.o                  1 842
    stm32f4xx_hal_pcd_ex.o                  72
    stm32f4xx_hal_rcc.o                  1 212
    stm32f4xx_hal_spi.o                    968
    stm32f4xx_hal_tim.o                  1 060
    stm32f4xx_it.o                          48
    stm32f4xx_ll_usb.o                   2 232
    system_stm32f4xx.o                      64       12       20
    usbd_conf.o                            614               952
    usbd_core.o                            662
    usbd_ctlreq.o                          946                 1
    usbd_desc.o                            244       31      308
    usbd_hid.o                             296      113      192
    usbd_ioreq.o                            78
    ------------------------------------------------------------
    Total:                              15 077      282    2 357

command line: [2]
    ------------------------------------------------------------
    Total:

dl7M_tlf.a: [3]
    abort.o                                  6
    dlmalloc.o                           5 360               496
    exit.o                                   4
    low_level_init.o                         4
    xgetmemchunk.o                          44                 4
    ------------------------------------------------------------
    Total:                               5 418               500

m7M_tl.a: [4]
    FltMul.o                               216
    FltToS32.o                              68
    I32ToFlt.o                              46
    ------------------------------------------------------------
    Total:                                 330

rt7M_tl.a: [5]
    ABImemcpy_unaligned.o                   86
    cexit.o                                 10
    cmain.o                                 26
    cstartup_M.o                            12
    data_init.o                             40
    lz77_init_single.o                     118
    zero_init3.o                            64
    ------------------------------------------------------------
    Total:                                 356

shb_l.a: [6]
    exit.o                                  20
    ------------------------------------------------------------
    Total:                                  20

    Gaps                                    19
    Linker created                                   32    1 536
----------------------------------------------------------------
    Grand Total:                        21 220      314    4 393


*******************************************************************************
*** ENTRY LIST
***

Entry                      Address   Size  Type      Object
-----                      -------   ----  ----      ------
.iar.init_table$$Base   0x0800515c          --   Gb  - Linker created -
.iar.init_table$$Limit  0x0800517c          --   Gb  - Linker created -
?main                   0x0800517d         Code  Gb  cmain.o [5]
ACCELERO_IO_ITConfig    0x08002c81   0x2e  Code  Gb  stm32f4_discovery.o [1]
ACCELERO_IO_Init        0x08002c4f   0x32  Code  Gb  stm32f4_discovery.o [1]
ACCELERO_IO_Read        0x08002cff   0x30  Code  Gb  stm32f4_discovery.o [1]
ACCELERO_IO_Write       0x08002cd1   0x2e  Code  Gb  stm32f4_discovery.o [1]
AHBPrescTable           0x200000d8   0x10  Data  Gb  system_stm32f4xx.o [1]
APBAHBPrescTable        0x080025f0   0x10  Data  Gb  stm32f4xx_hal_rcc.o [1]
AcceleroDrv             0x2000111c    0x4  Data  Lc  stm32f4_discovery_accelerometer.o [1]
BSP_ACCELERO_GetXYZ     0x08002dbb   0x28  Code  Gb  stm32f4_discovery_accelerometer.o [1]
BSP_ACCELERO_Init       0x08002d81   0x3a  Code  Gb  stm32f4_discovery_accelerometer.o [1]
BSP_LED_Init            0x08002a6d   0x5e  Code  Gb  stm32f4_discovery.o [1]
BSP_LED_Off             0x08002ae1   0x16  Code  Gb  stm32f4_discovery.o [1]
BSP_LED_On              0x08002acb   0x16  Code  Gb  stm32f4_discovery.o [1]
BSP_LED_Toggle          0x08002af7   0x14  Code  Gb  stm32f4_discovery.o [1]
BSP_PB_GetState         0x08002b81   0x12  Code  Gb  stm32f4_discovery.o [1]
BSP_PB_Init             0x08002b0b   0x6a  Code  Gb  stm32f4_discovery.o [1]
BUTTON_IRQn             0x08002d7c    0x1  Data  Gb  stm32f4_discovery.o [1]
BUTTON_PIN              0x08002d78    0x2  Data  Gb  stm32f4_discovery.o [1]
BUTTON_PORT             0x20000078    0x4  Data  Gb  stm32f4_discovery.o [1]
Buffer                  0x20000ba0    0x8  Data  Gb  main.o [1]
BusFault_Handler        0x0800510b    0x2  Code  Gb  stm32f4xx_it.o [1]
CSTACK$$Base            0x200001e0          --   Gb  - Linker created -
CSTACK$$Limit           0x200005e0          --   Gb  - Linker created -
Counter                 0x20000b9e    0x1  Data  Gb  main.o [1]
DebugMon_Handler        0x08005111    0x2  Code  Gb  stm32f4xx_it.o [1]
DemoEnterCondition      0x20000b9d    0x1  Data  Gb  main.o [1]
Demo_Exec               0x080026bb  0x1ae  Code  Lc  main.o [1]
EXTI0_IRQHandler        0x08005123    0x6  Code  Gb  stm32f4xx_it.o [1]
GPIO_PIN                0x08002d70    0x8  Data  Gb  stm32f4_discovery.o [1]
GPIO_PORT               0x20000068   0x10  Data  Gb  stm32f4_discovery.o [1]
HAL_Delay               0x0800204b   0x18  Code  Wk  stm32f4xx_hal.o [1]
HAL_GPIO_EXTI_Callback  0x08002a3b    0xa  Code  Gb  main.o [1]
HAL_GPIO_EXTI_IRQHandler
                        0x080037ad   0x14  Code  Gb  stm32f4xx_hal_gpio.o [1]
HAL_GPIO_Init           0x080035d5  0x1bc  Code  Gb  stm32f4xx_hal_gpio.o [1]
HAL_GPIO_ReadPin        0x08003791    0xc  Code  Gb  stm32f4xx_hal_gpio.o [1]
HAL_GPIO_TogglePin      0x080037a5    0x8  Code  Gb  stm32f4xx_hal_gpio.o [1]
HAL_GPIO_WritePin       0x0800379d    0x8  Code  Gb  stm32f4xx_hal_gpio.o [1]
HAL_GetREVID            0x08002063    0x8  Code  Gb  stm32f4xx_hal.o [1]
HAL_GetTick             0x08002045    0x6  Code  Wk  stm32f4xx_hal.o [1]
HAL_IncTick             0x0800203b    0xa  Code  Wk  stm32f4xx_hal.o [1]
HAL_Init                0x08001fed   0x28  Code  Gb  stm32f4xx_hal.o [1]
HAL_InitTick            0x08002017   0x24  Code  Wk  stm32f4xx_hal.o [1]
HAL_MspInit             0x08002015    0x2  Code  Wk  stm32f4xx_hal.o [1]
HAL_NVIC_EnableIRQ      0x080020e7    0xc  Code  Gb  stm32f4xx_hal_cortex.o [1]
HAL_NVIC_SetPriority    0x080020ad   0x3a  Code  Gb  stm32f4xx_hal_cortex.o [1]
HAL_NVIC_SetPriorityGrouping
                        0x08002093   0x1a  Code  Gb  stm32f4xx_hal_cortex.o [1]
HAL_PCDEx_SetRxFiFo     0x08004a03    0x8  Code  Gb  stm32f4xx_hal_pcd_ex.o [1]
HAL_PCDEx_SetTxFiFo     0x080049c3   0x40  Code  Gb  stm32f4xx_hal_pcd_ex.o [1]
HAL_PCD_ConnectCallback
                        0x08003d5b    0x8  Code  Gb  usbd_conf.o [1]
HAL_PCD_DataInStageCallback
                        0x08003d03   0x10  Code  Gb  usbd_conf.o [1]
HAL_PCD_DataOutStageCallback
                        0x08003cf1   0x12  Code  Gb  usbd_conf.o [1]
HAL_PCD_DeInit          0x0800433b   0x24  Code  Gb  stm32f4xx_hal_pcd.o [1]
HAL_PCD_DisconnectCallback
                        0x08003d63    0x8  Code  Gb  usbd_conf.o [1]
HAL_PCD_EP_Close        0x080047dd   0x2c  Code  Gb  stm32f4xx_hal_pcd.o [1]
HAL_PCD_EP_ClrStall     0x080048ed   0x1e  Code  Gb  stm32f4xx_hal_pcd.o [1]
HAL_PCD_EP_Open         0x08004791   0x4c  Code  Gb  stm32f4xx_hal_pcd.o [1]
HAL_PCD_EP_Receive      0x08004827   0x2a  Code  Gb  stm32f4xx_hal_pcd.o [1]
HAL_PCD_EP_SetStall     0x080048b5   0x38  Code  Gb  stm32f4xx_hal_pcd.o [1]
HAL_PCD_EP_Transmit     0x08004851   0x28  Code  Gb  stm32f4xx_hal_pcd.o [1]
HAL_PCD_IRQHandler      0x08004395  0x3a6  Code  Gb  stm32f4xx_hal_pcd.o [1]
HAL_PCD_ISOINIncompleteCallback
                        0x08003d53    0x8  Code  Gb  usbd_conf.o [1]
HAL_PCD_ISOOUTIncompleteCallback
                        0x08003d4b    0x8  Code  Gb  usbd_conf.o [1]
HAL_PCD_Init            0x08004291   0xa0  Code  Gb  stm32f4xx_hal_pcd.o [1]
HAL_PCD_MspDeInit       0x08003cc9   0x1c  Code  Gb  usbd_conf.o [1]
HAL_PCD_MspInit         0x08003c29   0x96  Code  Gb  usbd_conf.o [1]
HAL_PCD_ResetCallback   0x08003d1b   0x20  Code  Gb  usbd_conf.o [1]
HAL_PCD_ResumeCallback  0x08003d43    0x8  Code  Gb  usbd_conf.o [1]
HAL_PCD_SOFCallback     0x08003d13    0x8  Code  Gb  usbd_conf.o [1]
HAL_PCD_SetAddress      0x08004771   0x18  Code  Gb  stm32f4xx_hal_pcd.o [1]
HAL_PCD_SetupStageCallback
                        0x08003ce5    0xc  Code  Gb  usbd_conf.o [1]
HAL_PCD_Start           0x0800435f   0x18  Code  Gb  stm32f4xx_hal_pcd.o [1]
HAL_PCD_Stop            0x08004377   0x1e  Code  Gb  stm32f4xx_hal_pcd.o [1]
HAL_PCD_SuspendCallback
                        0x08003d3b    0x8  Code  Gb  usbd_conf.o [1]
HAL_RCC_ClockConfig     0x080023c7  0x166  Code  Gb  stm32f4xx_hal_rcc.o [1]
HAL_RCC_GetHCLKFreq     0x080025a7   0x1e  Code  Gb  stm32f4xx_hal_rcc.o [1]
HAL_RCC_GetSysClockFreq
                        0x08002561   0x46  Code  Wk  stm32f4xx_hal_rcc.o [1]
HAL_RCC_OscConfig       0x08002145  0x26e  Code  Wk  stm32f4xx_hal_rcc.o [1]
HAL_SPI_DeInit          0x0800386f   0x24  Code  Gb  stm32f4xx_hal_spi.o [1]
HAL_SPI_GetState        0x08003b29    0x6  Code  Gb  stm32f4xx_hal_spi.o [1]
HAL_SPI_Init            0x080037f5   0x7a  Code  Gb  stm32f4xx_hal_spi.o [1]
HAL_SPI_MspDeInit       0x080038a1    0x2  Code  Wk  stm32f4xx_hal_spi.o [1]
HAL_SPI_MspInit         0x0800389f    0x2  Code  Wk  stm32f4xx_hal_spi.o [1]
HAL_SPI_TransmitReceive
                        0x080038c1  0x18a  Code  Gb  stm32f4xx_hal_spi.o [1]
HAL_SYSTICK_Callback    0x08002881  0x1b2  Code  Gb  main.o [1]
HAL_SYSTICK_Config      0x080020fb   0x28  Code  Gb  stm32f4xx_hal_cortex.o [1]
HAL_SYSTICK_IRQHandler  0x0800213d    0x8  Code  Gb  stm32f4xx_hal_cortex.o [1]
HAL_TIM_PWM_ConfigChannel
                        0x08002f1d   0xb8  Code  Gb  stm32f4xx_hal_tim.o [1]
HAL_TIM_PWM_DeInit      0x08002e45   0x1a  Code  Gb  stm32f4xx_hal_tim.o [1]
HAL_TIM_PWM_Init        0x08002e23   0x1a  Code  Gb  stm32f4xx_hal_tim.o [1]
HAL_TIM_PWM_MspDeInit   0x08003c09   0x14  Code  Gb  stm32f4xx_hal_msp.o [1]
HAL_TIM_PWM_MspInit     0x08003bbd   0x4c  Code  Gb  stm32f4xx_hal_msp.o [1]
HAL_TIM_PWM_Start       0x08002e5f   0x14  Code  Gb  stm32f4xx_hal_tim.o [1]
HAL_TIM_PWM_Stop        0x08002e7d   0x32  Code  Gb  stm32f4xx_hal_tim.o [1]
HEAP$$Base              0x200005e0          --   Gb  - Linker created -
HEAP$$Limit             0x200007e0          --   Gb  - Linker created -
HID_Desc                0x200000ec   0x1c  Data  Gb  usbd_desc.o [1]
HID_MOUSE_ReportDesc    0x20000188   0x4c  Data  Lc  usbd_hid.o [1]
HardFault_Handler       0x08005107    0x2  Code  Gb  stm32f4xx_it.o [1]
LIS302DL_Click_IntClear
                        0x08004ee3   0x1a  Code  Gb  lis302dl.o [1]
LIS302DL_Click_IntConfig
                        0x08004e55   0x84  Code  Gb  lis302dl.o [1]
LIS302DL_DeInit         0x08004def    0x2  Code  Gb  lis302dl.o [1]
LIS302DL_FilterConfig   0x08004e0b   0x1e  Code  Gb  lis302dl.o [1]
LIS302DL_Init           0x08004ddd   0x12  Code  Gb  lis302dl.o [1]
LIS302DL_InterruptConfig
                        0x08004e33   0x22  Code  Gb  lis302dl.o [1]
LIS302DL_ReadACC        0x08004f45   0x4a  Code  Gb  lis302dl.o [1]
LIS302DL_ReadID         0x08004df1   0x1a  Code  Gb  lis302dl.o [1]
LIS302DL_RebootCmd      0x08004f25   0x1a  Code  Gb  lis302dl.o [1]
LIS3DSH_Click_IntConfig
                        0x08004adf   0xae  Code  Gb  lis3dsh.o [1]
LIS3DSH_DeInit          0x08004a85    0x2  Code  Gb  lis3dsh.o [1]
LIS3DSH_Init            0x08004a65   0x20  Code  Gb  lis3dsh.o [1]
LIS3DSH_InterruptConfig
                        0x08004aa5   0x3a  Code  Gb  lis3dsh.o [1]
LIS3DSH_ReadACC         0x08004bc3   0xaa  Code  Gb  lis3dsh.o [1]
LIS3DSH_ReadID          0x08004a87   0x14  Code  Gb  lis3dsh.o [1]
LIS3DSH_RebootCmd       0x08004b9f   0x1e  Code  Gb  lis3dsh.o [1]
Lis302dlDrv             0x20000000   0x34  Data  Gb  lis302dl.o [1]
Lis3dshDrv              0x20000034   0x34  Data  Gb  lis3dsh.o [1]
MaxAcceleration         0x20000bae    0x2  Data  Gb  main.o [1]
MemManage_Handler       0x08005109    0x2  Code  Gb  stm32f4xx_it.o [1]
NMI_Handler             0x08005105    0x2  Code  Gb  stm32f4xx_it.o [1]
NVIC_SetPriority        0x08002079   0x1a  Code  Lc  stm32f4xx_hal_cortex.o [1]
OTG_FS_IRQHandler       0x08005129    0x6  Code  Gb  stm32f4xx_it.o [1]
PCD_WriteEmptyTxFifo    0x0800492b   0x8c  Code  Lc  stm32f4xx_hal_pcd.o [1]
PendSV_Handler          0x08005113    0x2  Code  Gb  stm32f4xx_it.o [1]
PrescalerValue          0x20000bac    0x2  Data  Gb  main.o [1]
Region$$Table$$Base     0x0800515c          --   Gb  - Linker created -
Region$$Table$$Limit    0x0800517c          --   Gb  - Linker created -
SPI_WaitOnFlagUntilTimeout
                        0x08003b43   0x7a  Code  Lc  stm32f4xx_hal_spi.o [1]
SPIx_Init               0x08002b93   0x80  Code  Lc  stm32f4_discovery.o [1]
SPIx_WriteRead          0x08002c1f   0x30  Code  Lc  stm32f4_discovery.o [1]
SVC_Handler             0x0800510f    0x2  Code  Gb  stm32f4xx_it.o [1]
SpiHandle               0x2000007c   0x58  Data  Lc  stm32f4_discovery.o [1]
SpixTimeout             0x200000d4    0x4  Data  Gb  stm32f4_discovery.o [1]
SysTick_Handler         0x08005115    0xe  Code  Gb  stm32f4xx_it.o [1]
SystemCoreClock         0x200000e8    0x4  Data  Gb  system_stm32f4xx.o [1]
SystemInit              0x08005085   0x30  Code  Gb  system_stm32f4xx.o [1]
TIM_Base_SetConfig      0x08002ff5   0x90  Code  Gb  stm32f4xx_hal_tim.o [1]
TIM_CCxChannelCmd       0x080030d9   0x18  Code  Gb  stm32f4xx_hal_tim.o [1]
TIM_OC1_SetConfig       0x080030f1   0x4a  Code  Lc  stm32f4xx_hal_tim.o [1]
TIM_OC2_SetConfig       0x08003087   0x52  Code  Gb  stm32f4xx_hal_tim.o [1]
TIM_OC3_SetConfig       0x08003147   0x56  Code  Lc  stm32f4xx_hal_tim.o [1]
TIM_OC4_SetConfig       0x080031a3   0x46  Code  Lc  stm32f4xx_hal_tim.o [1]
USBD_ClrClassConfig     0x080032ad    0xa  Code  Gb  usbd_core.o [1]
USBD_CtlContinueRx      0x08004265    0x2  Code  Gb  usbd_ioreq.o [1]
USBD_CtlContinueSendData
                        0x08004255    0x2  Code  Gb  usbd_ioreq.o [1]
USBD_CtlError           0x080041e9   0x16  Code  Gb  usbd_ctlreq.o [1]
USBD_CtlReceiveStatus   0x08004283    0xe  Code  Gb  usbd_ioreq.o [1]
USBD_CtlSendData        0x08004243   0x12  Code  Gb  usbd_ioreq.o [1]
USBD_CtlSendStatus      0x08004275    0xe  Code  Gb  usbd_ioreq.o [1]
USBD_DeInit             0x0800323b   0x28  Code  Gb  usbd_core.o [1]
USBD_GetDescriptor      0x080040cd   0xee  Code  Lc  usbd_ctlreq.o [1]
USBD_GetString          0x080041ff   0x44  Code  Gb  usbd_ctlreq.o [1]
USBD_HID                0x20000120   0x38  Data  Gb  usbd_hid.o [1]
USBD_HID_CfgDesc        0x20000158   0x24  Data  Lc  usbd_hid.o [1]
USBD_HID_ConfigStrDescriptor
                        0x08004fd9    0x8  Code  Gb  usbd_desc.o [1]
USBD_HID_DataIn         0x080035b5    0xc  Code  Lc  usbd_hid.o [1]
USBD_HID_DeInit         0x080034d3   0x1e  Code  Lc  usbd_hid.o [1]
USBD_HID_Desc           0x2000017c    0xc  Data  Lc  usbd_hid.o [1]
USBD_HID_DeviceDescriptor
                        0x08004f91    0x8  Code  Gb  usbd_desc.o [1]
USBD_HID_DeviceQualifierDesc
                        0x200001d4    0xc  Data  Lc  usbd_hid.o [1]
USBD_HID_GetCfgDesc     0x080035ad    0x8  Code  Lc  usbd_hid.o [1]
USBD_HID_GetDeviceQualifierDesc
                        0x080035c1    0x8  Code  Lc  usbd_hid.o [1]
USBD_HID_Init           0x080034ad   0x26  Code  Lc  usbd_hid.o [1]
USBD_HID_InterfaceStrDescriptor
                        0x08004fed    0xa  Code  Gb  usbd_desc.o [1]
USBD_HID_LangIDStrDescriptor
                        0x08004f99    0x8  Code  Gb  usbd_desc.o [1]
USBD_HID_ManufacturerStrDescriptor
                        0x08004fb3    0xa  Code  Gb  usbd_desc.o [1]
USBD_HID_ProductStrDescriptor
                        0x08004fa1   0x12  Code  Gb  usbd_desc.o [1]
USBD_HID_SendReport     0x08003587   0x26  Code  Gb  usbd_hid.o [1]
USBD_HID_SerialStrDescriptor
                        0x08004fbd   0x12  Code  Gb  usbd_desc.o [1]
USBD_HID_Setup          0x080034f1   0x96  Code  Lc  usbd_hid.o [1]
USBD_Init               0x08003215   0x26  Code  Gb  usbd_core.o [1]
USBD_LL_ClearStallEP    0x08003e3b    0xe  Code  Gb  usbd_conf.o [1]
USBD_LL_CloseEP         0x08003e1f    0xe  Code  Gb  usbd_conf.o [1]
USBD_LL_DataInStage     0x08003371   0x9c  Code  Gb  usbd_core.o [1]
USBD_LL_DataOutStage    0x0800330d   0x64  Code  Gb  usbd_core.o [1]
USBD_LL_DeInit          0x08003de1    0xe  Code  Gb  usbd_conf.o [1]
USBD_LL_DevConnected    0x0800348f    0x4  Code  Gb  usbd_core.o [1]
USBD_LL_DevDisconnected
                        0x08003493   0x12  Code  Gb  usbd_core.o [1]
USBD_LL_Init            0x08003d6b   0x60  Code  Gb  usbd_conf.o [1]
USBD_LL_IsStallEP       0x08003e49   0x1c  Code  Gb  usbd_conf.o [1]
USBD_LL_IsoINIncomplete
                        0x08003487    0x4  Code  Gb  usbd_core.o [1]
USBD_LL_IsoOUTIncomplete
                        0x0800348b    0x4  Code  Gb  usbd_core.o [1]
USBD_LL_OpenEP          0x08003e0b   0x14  Code  Gb  usbd_conf.o [1]
USBD_LL_PrepareReceive  0x08003e81    0xe  Code  Gb  usbd_conf.o [1]
USBD_LL_Reset           0x0800340d   0x42  Code  Gb  usbd_core.o [1]
USBD_LL_Resume          0x08003461    0x6  Code  Gb  usbd_core.o [1]
USBD_LL_SOF             0x0800346d   0x1a  Code  Gb  usbd_core.o [1]
USBD_LL_SetSpeed        0x0800344f    0x6  Code  Gb  usbd_core.o [1]
USBD_LL_SetUSBAddress   0x08003e65    0xe  Code  Gb  usbd_conf.o [1]
USBD_LL_SetupStage      0x080032b7   0x56  Code  Gb  usbd_core.o [1]
USBD_LL_StallEP         0x08003e2d    0xe  Code  Gb  usbd_conf.o [1]
USBD_LL_Start           0x08003def    0xe  Code  Gb  usbd_conf.o [1]
USBD_LL_Stop            0x08003dfd    0xe  Code  Gb  usbd_conf.o [1]
USBD_LL_Suspend         0x08003455    0xc  Code  Gb  usbd_core.o [1]
USBD_LL_Transmit        0x08003e73    0xe  Code  Gb  usbd_conf.o [1]
USBD_LangIDDesc         0x2000011c    0x4  Data  Gb  usbd_desc.o [1]
USBD_ParseSetupRequest  0x080041c1   0x28  Code  Gb  usbd_ctlreq.o [1]
USBD_RegisterClass      0x08003263   0x10  Code  Gb  usbd_core.o [1]
USBD_SetClassConfig     0x08003297   0x16  Code  Gb  usbd_core.o [1]
USBD_Start              0x08003273    0xa  Code  Gb  usbd_core.o [1]
USBD_StdDevReq          0x08003e91  0x138  Code  Gb  usbd_ctlreq.o [1]
USBD_StdEPReq           0x08003fff   0xc2  Code  Gb  usbd_ctlreq.o [1]
USBD_StdItfReq          0x08003fcd   0x32  Code  Gb  usbd_ctlreq.o [1]
USBD_Stop               0x0800327d   0x1a  Code  Gb  usbd_core.o [1]
USBD_StrDesc            0x20001004  0x100  Data  Gb  usbd_desc.o [1]
USB_ActivateEndpoint    0x0800195d   0x78  Code  Gb  stm32f4xx_ll_usb.o [1]
USB_ActivateSetup       0x08001f39   0x2e  Code  Gb  stm32f4xx_ll_usb.o [1]
USB_CoreInit            0x08001735   0x6e  Code  Gb  stm32f4xx_ll_usb.o [1]
USB_CoreReset           0x08001f97   0x2a  Code  Lc  stm32f4xx_ll_usb.o [1]
USB_DeactivateEndpoint  0x080019d5   0x4a  Code  Gb  stm32f4xx_ll_usb.o [1]
USB_DevConnect          0x08001eb3    0xe  Code  Gb  stm32f4xx_ll_usb.o [1]
USB_DevDisconnect       0x08001ec1    0xc  Code  Gb  stm32f4xx_ll_usb.o [1]
USB_DevInit             0x080017dd  0x10e  Code  Gb  stm32f4xx_ll_usb.o [1]
USB_DisableGlobalInt    0x080017ab    0x6  Code  Gb  stm32f4xx_ll_usb.o [1]
USB_EP0StartXfer        0x08001c2f   0xd4  Code  Gb  stm32f4xx_ll_usb.o [1]
USB_EP0_OutStart        0x08001f67   0x30  Code  Gb  stm32f4xx_ll_usb.o [1]
USB_EPClearStall        0x08001dfb   0x5a  Code  Gb  stm32f4xx_ll_usb.o [1]
USB_EPSetStall          0x08001dad   0x4e  Code  Gb  stm32f4xx_ll_usb.o [1]
USB_EPStartXfer         0x08001a2b  0x1d8  Code  Gb  stm32f4xx_ll_usb.o [1]
USB_EnableGlobalInt     0x080017a3    0x8  Code  Gb  stm32f4xx_ll_usb.o [1]
USB_FlushRxFifo         0x08001909   0x1a  Code  Gb  stm32f4xx_ll_usb.o [1]
USB_FlushTxFifo         0x080018eb   0x1e  Code  Gb  stm32f4xx_ll_usb.o [1]
USB_GetDevSpeed         0x08001929   0x34  Code  Gb  stm32f4xx_ll_usb.o [1]
USB_GetMode             0x08001f31    0x8  Code  Gb  stm32f4xx_ll_usb.o [1]
USB_ReadDevAllInEpInterrupt
                        0x08001eef    0xe  Code  Gb  stm32f4xx_ll_usb.o [1]
USB_ReadDevAllOutEpInterrupt
                        0x08001ee1    0xe  Code  Gb  stm32f4xx_ll_usb.o [1]
USB_ReadDevInEPInterrupt
                        0x08001f11   0x20  Code  Gb  stm32f4xx_ll_usb.o [1]
USB_ReadDevOutEPInterrupt
                        0x08001efd   0x14  Code  Gb  stm32f4xx_ll_usb.o [1]
USB_ReadInterrupts      0x08001ed9    0x8  Code  Gb  stm32f4xx_ll_usb.o [1]
USB_ReadPacket          0x08001d89   0x24  Code  Gb  stm32f4xx_ll_usb.o [1]
USB_SetCurrentMode      0x080017b7   0x26  Code  Gb  stm32f4xx_ll_usb.o [1]
USB_SetDevAddress       0x08001e97   0x12  Code  Gb  stm32f4xx_ll_usb.o [1]
USB_SetDevSpeed         0x08001923    0x6  Code  Gb  stm32f4xx_ll_usb.o [1]
USB_StopDevice          0x08001e55   0x42  Code  Gb  stm32f4xx_ll_usb.o [1]
USB_WritePacket         0x08001d5d   0x2c  Code  Gb  stm32f4xx_ll_usb.o [1]
UsageFault_Handler      0x0800510d    0x2  Code  Gb  stm32f4xx_it.o [1]
UserButtonPressed       0x20000b9c    0x1  Data  Gb  main.o [1]
X_Offset                0x20000ba8    0x2  Data  Gb  main.o [1]
Y_Offset                0x20000baa    0x2  Data  Gb  main.o [1]
__aeabi_f2iz            0x08004d99         Code  Gb  FltToS32.o [4]
__aeabi_fmul            0x08004cc1         Code  Gb  FltMul.o [4]
__aeabi_i2f             0x08004c91         Code  Gb  I32ToFlt.o [4]
__cmain                 0x0800517d         Code  Gb  cmain.o [5]
__data_GetMemChunk      0x080016f5   0x2c  Code  Gb  xgetmemchunk.o [3]
__exit                  0x08001721   0x14  Code  Gb  exit.o [6]
__iar_data_init3        0x08005135   0x28  Code  Gb  data_init.o [5]
__iar_dlfree            0x0800115f  0x510  Code  Gb  dlmalloc.o [3]
__iar_dlmalloc          0x08000ea9  0x2aa  Code  Gb  dlmalloc.o [3]
__iar_lz77_init_single3
                        0x0800167f   0x76  Code  Gb  lz77_init_single.o [5]
__iar_program_start     0x080051bd         Code  Gb  cstartup_M.o [5]
__iar_ui2f              0x08004ca5         Code  Gb  I32ToFlt.o [4]
__iar_unaligned___aeabi_memcpy4
                        0x08004a0d         Code  Gb  ABImemcpy_unaligned.o [5]
__iar_unaligned___aeabi_memcpy8
                        0x08004a0d         Code  Gb  ABImemcpy_unaligned.o [5]
__iar_zero_init3        0x080050c5   0x40  Code  Gb  zero_init3.o [5]
__low_level_init        0x08005197    0x4  Code  Gb  low_level_init.o [3]
__vector_table          0x08000000         Data  Gb  startup_stm32f407xx.o [1]
_call_main              0x08005189         Code  Gb  cmain.o [5]
_exit                   0x080051a1         Code  Gb  cexit.o [5]
_gm_                    0x20000e2c  0x1d8  Data  Lc  dlmalloc.o [3]
_main                   0x08005193         Code  Gb  cmain.o [5]
abort                   0x08001679    0x6  Code  Gb  abort.o [3]
exit                    0x0800519b    0x4  Code  Gb  exit.o [3]
hUSBDDevice             0x20000c08  0x224  Data  Gb  main.o [1]
hUSBDDeviceDesc         0x20000108   0x14  Data  Gb  usbd_desc.o [1]
hpcd                    0x200007e0  0x3b8  Data  Gb  usbd_conf.o [1]
htim4                   0x20000bcc   0x3c  Data  Gb  main.o [1]
init_mparams            0x080001a3   0x32  Code  Lc  dlmalloc.o [3]
init_top                0x080001d5   0x34  Code  Lc  dlmalloc.o [3]
main                    0x08002601   0xba  Code  Gb  main.o [1]
mparams                 0x20001104   0x18  Data  Lc  dlmalloc.o [3]
prepend_alloc           0x08000209  0x36c  Code  Lc  dlmalloc.o [3]
sConfigTim4             0x20000bb0   0x1c  Data  Gb  main.o [1]
segment_holding         0x08000189   0x1a  Code  Lc  dlmalloc.o [3]
sys_alloc               0x08000575  0x386  Code  Lc  dlmalloc.o [3]
tmalloc_large           0x08000909  0x390  Code  Lc  dlmalloc.o [3]
tmalloc_small           0x08000c99  0x210  Code  Lc  dlmalloc.o [3]
uwTick                  0x20001120    0x4  Data  Lc  stm32f4xx_hal.o [1]


[1] = E:\code\SKYVIEW_H_SUB\stm32cubef4_V1.8.0_official\STM32Cube_FW_F4_V1.8.0\Projects\STM32F4-Discovery\Demonstrations\EWARM\STM32F4-DISCO\Obj
[2] = command line
[3] = dl7M_tlf.a
[4] = m7M_tl.a
[5] = rt7M_tl.a
[6] = shb_l.a

  21 220 bytes of readonly  code memory
     314 bytes of readonly  data memory
   4 393 bytes of readwrite data memory

Errors: none
Warnings: none
